05-29 15:42:14.126 27719 30158 E AndroidRuntime: FATAL EXCEPTION: Location-Task-7
05-29 15:42:14.126 27719 30158 E AndroidRuntime: Process: com.huawei.hwid.core, PID: 27719
05-29 15:42:14.126 27719 30158 E AndroidRuntime: java.lang.ArrayIndexOutOfBoundsException: length=3; index=3
05-29 15:42:14.126 27719 30158 E AndroidRuntime: 	at r4.o(PowerKitApi.java:4)
05-29 15:42:14.126 27719 30158 E AndroidRuntime: 	at r4.l(PowerKitApi.java:4)
05-29 15:42:14.126 27719 30158 E AndroidRuntime: 	at m4.e(HuaweiPowerKit.java:1)
05-29 15:42:14.126 27719 30158 E AndroidRuntime: 	at al.D(PowerControlManager.java:4)
05-29 15:42:14.126 27719 30158 E AndroidRuntime: 	at al.r(PowerControlManager.java:1)
05-29 15:42:14.126 27719 30158 E AndroidRuntime: 	at al.s(Unknown Source:0)
05-29 15:42:14.126 27719 30158 E AndroidRuntime: 	at qk.run(Unknown Source:2)
05-29 15:42:14.126 27719 30158 E AndroidRuntime: 	at java.util.concurrent.ThreadPoolExecutor.processTask(ThreadPoolExecutor.java:1187)
05-29 15:42:14.126 27719 30158 E AndroidRuntime: 	at java.util.concurrent.ThreadPoolExecutor.runWorker(ThreadPoolExecutor.java:1152)
05-29 15:42:14.126 27719 30158 E AndroidRuntime: 	at java.util.concurrent.ThreadPoolExecutor$Worker.run(ThreadPoolExecutor.java:641)
05-29 15:42:14.126 27719 30158 E AndroidRuntime: 	at java.lang.Thread.run(Thread.java:784)
05-29 16:00:47.686 31500  2699 E AndroidRuntime: FATAL EXCEPTION: Location-Task-7
05-29 16:00:47.686 31500  2699 E AndroidRuntime: Process: com.huawei.hwid.core, PID: 31500
05-29 16:00:47.686 31500  2699 E AndroidRuntime: java.lang.ArrayIndexOutOfBoundsException: length=3; index=3
05-29 16:00:47.686 31500  2699 E AndroidRuntime: 	at r4.o(PowerKitApi.java:4)
05-29 16:00:47.686 31500  2699 E AndroidRuntime: 	at r4.l(PowerKitApi.java:4)
05-29 16:00:47.686 31500  2699 E AndroidRuntime: 	at m4.e(HuaweiPowerKit.java:1)
05-29 16:00:47.686 31500  2699 E AndroidRuntime: 	at al.D(PowerControlManager.java:4)
05-29 16:00:47.686 31500  2699 E AndroidRuntime: 	at al.r(PowerControlManager.java:1)
05-29 16:00:47.686 31500  2699 E AndroidRuntime: 	at al.s(Unknown Source:0)
05-29 16:00:47.686 31500  2699 E AndroidRuntime: 	at qk.run(Unknown Source:2)
05-29 16:00:47.686 31500  2699 E AndroidRuntime: 	at java.util.concurrent.ThreadPoolExecutor.processTask(ThreadPoolExecutor.java:1187)
05-29 16:00:47.686 31500  2699 E AndroidRuntime: 	at java.util.concurrent.ThreadPoolExecutor.runWorker(ThreadPoolExecutor.java:1152)
05-29 16:00:47.686 31500  2699 E AndroidRuntime: 	at java.util.concurrent.ThreadPoolExecutor$Worker.run(ThreadPoolExecutor.java:641)
05-29 16:00:47.686 31500  2699 E AndroidRuntime: 	at java.lang.Thread.run(Thread.java:784)
05-29 16:15:58.426  2738  4353 E AndroidRuntime: FATAL EXCEPTION: Location-Task-7
05-29 16:15:58.426  2738  4353 E AndroidRuntime: Process: com.huawei.hwid.core, PID: 2738
05-29 16:15:58.426  2738  4353 E AndroidRuntime: java.lang.ArrayIndexOutOfBoundsException: length=3; index=3
05-29 16:15:58.426  2738  4353 E AndroidRuntime: 	at r4.o(PowerKitApi.java:4)
05-29 16:15:58.426  2738  4353 E AndroidRuntime: 	at r4.l(PowerKitApi.java:4)
05-29 16:15:58.426  2738  4353 E AndroidRuntime: 	at m4.e(HuaweiPowerKit.java:1)
05-29 16:15:58.426  2738  4353 E AndroidRuntime: 	at al.D(PowerControlManager.java:4)
05-29 16:15:58.426  2738  4353 E AndroidRuntime: 	at al.r(PowerControlManager.java:1)
05-29 16:15:58.426  2738  4353 E AndroidRuntime: 	at al.s(Unknown Source:0)
05-29 16:15:58.426  2738  4353 E AndroidRuntime: 	at qk.run(Unknown Source:2)
05-29 16:15:58.426  2738  4353 E AndroidRuntime: 	at java.util.concurrent.ThreadPoolExecutor.processTask(ThreadPoolExecutor.java:1187)
05-29 16:15:58.426  2738  4353 E AndroidRuntime: 	at java.util.concurrent.ThreadPoolExecutor.runWorker(ThreadPoolExecutor.java:1152)
05-29 16:15:58.426  2738  4353 E AndroidRuntime: 	at java.util.concurrent.ThreadPoolExecutor$Worker.run(ThreadPoolExecutor.java:641)
05-29 16:15:58.426  2738  4353 E AndroidRuntime: 	at java.lang.Thread.run(Thread.java:784)
05-29 16:43:28.781  6287  8142 E AndroidRuntime: FATAL EXCEPTION: Location-Task-8
05-29 16:43:28.781  6287  8142 E AndroidRuntime: Process: com.huawei.hwid.core, PID: 6287
05-29 16:43:28.781  6287  8142 E AndroidRuntime: java.lang.ArrayIndexOutOfBoundsException: length=3; index=3
05-29 16:43:28.781  6287  8142 E AndroidRuntime: 	at r4.o(PowerKitApi.java:4)
05-29 16:43:28.781  6287  8142 E AndroidRuntime: 	at r4.l(PowerKitApi.java:4)
05-29 16:43:28.781  6287  8142 E AndroidRuntime: 	at m4.e(HuaweiPowerKit.java:1)
05-29 16:43:28.781  6287  8142 E AndroidRuntime: 	at al.D(PowerControlManager.java:4)
05-29 16:43:28.781  6287  8142 E AndroidRuntime: 	at al.r(PowerControlManager.java:1)
05-29 16:43:28.781  6287  8142 E AndroidRuntime: 	at al.s(Unknown Source:0)
05-29 16:43:28.781  6287  8142 E AndroidRuntime: 	at qk.run(Unknown Source:2)
05-29 16:43:28.781  6287  8142 E AndroidRuntime: 	at java.util.concurrent.ThreadPoolExecutor.processTask(ThreadPoolExecutor.java:1187)
05-29 16:43:28.781  6287  8142 E AndroidRuntime: 	at java.util.concurrent.ThreadPoolExecutor.runWorker(ThreadPoolExecutor.java:1152)
05-29 16:43:28.781  6287  8142 E AndroidRuntime: 	at java.util.concurrent.ThreadPoolExecutor$Worker.run(ThreadPoolExecutor.java:641)
05-29 16:43:28.781  6287  8142 E AndroidRuntime: 	at java.lang.Thread.run(Thread.java:784)
05-29 16:58:38.803  8168 10001 E AndroidRuntime: FATAL EXCEPTION: Location-Task-7
05-29 16:58:38.803  8168 10001 E AndroidRuntime: Process: com.huawei.hwid.core, PID: 8168
05-29 16:58:38.803  8168 10001 E AndroidRuntime: java.lang.ArrayIndexOutOfBoundsException: length=3; index=3
05-29 16:58:38.803  8168 10001 E AndroidRuntime: 	at r4.o(PowerKitApi.java:4)
05-29 16:58:38.803  8168 10001 E AndroidRuntime: 	at r4.l(PowerKitApi.java:4)
05-29 16:58:38.803  8168 10001 E AndroidRuntime: 	at m4.e(HuaweiPowerKit.java:1)
05-29 16:58:38.803  8168 10001 E AndroidRuntime: 	at al.D(PowerControlManager.java:4)
05-29 16:58:38.803  8168 10001 E AndroidRuntime: 	at al.r(PowerControlManager.java:1)
05-29 16:58:38.803  8168 10001 E AndroidRuntime: 	at al.s(Unknown Source:0)
05-29 16:58:38.803  8168 10001 E AndroidRuntime: 	at qk.run(Unknown Source:2)
05-29 16:58:38.803  8168 10001 E AndroidRuntime: 	at java.util.concurrent.ThreadPoolExecutor.processTask(ThreadPoolExecutor.java:1187)
05-29 16:58:38.803  8168 10001 E AndroidRuntime: 	at java.util.concurrent.ThreadPoolExecutor.runWorker(ThreadPoolExecutor.java:1152)
05-29 16:58:38.803  8168 10001 E AndroidRuntime: 	at java.util.concurrent.ThreadPoolExecutor$Worker.run(ThreadPoolExecutor.java:641)
05-29 16:58:38.803  8168 10001 E AndroidRuntime: 	at java.lang.Thread.run(Thread.java:784)
05-29 17:13:49.332 10022 11196 E AndroidRuntime: FATAL EXCEPTION: Location-Task-7
05-29 17:13:49.332 10022 11196 E AndroidRuntime: Process: com.huawei.hwid.core, PID: 10022
05-29 17:13:49.332 10022 11196 E AndroidRuntime: java.lang.ArrayIndexOutOfBoundsException: length=3; index=3
05-29 17:13:49.332 10022 11196 E AndroidRuntime: 	at r4.o(PowerKitApi.java:4)
05-29 17:13:49.332 10022 11196 E AndroidRuntime: 	at r4.l(PowerKitApi.java:4)
05-29 17:13:49.332 10022 11196 E AndroidRuntime: 	at m4.e(HuaweiPowerKit.java:1)
05-29 17:13:49.332 10022 11196 E AndroidRuntime: 	at al.D(PowerControlManager.java:4)
05-29 17:13:49.332 10022 11196 E AndroidRuntime: 	at al.r(PowerControlManager.java:1)
05-29 17:13:49.332 10022 11196 E AndroidRuntime: 	at al.s(Unknown Source:0)
05-29 17:13:49.332 10022 11196 E AndroidRuntime: 	at qk.run(Unknown Source:2)
05-29 17:13:49.332 10022 11196 E AndroidRuntime: 	at java.util.concurrent.ThreadPoolExecutor.processTask(ThreadPoolExecutor.java:1187)
05-29 17:13:49.332 10022 11196 E AndroidRuntime: 	at java.util.concurrent.ThreadPoolExecutor.runWorker(ThreadPoolExecutor.java:1152)
05-29 17:13:49.332 10022 11196 E AndroidRuntime: 	at java.util.concurrent.ThreadPoolExecutor$Worker.run(ThreadPoolExecutor.java:641)
05-29 17:13:49.332 10022 11196 E AndroidRuntime: 	at java.lang.Thread.run(Thread.java:784)
05-29 17:29:30.091 11224 13370 E AndroidRuntime: FATAL EXCEPTION: Location-Task-8
05-29 17:29:30.091 11224 13370 E AndroidRuntime: Process: com.huawei.hwid.core, PID: 11224
05-29 17:29:30.091 11224 13370 E AndroidRuntime: java.lang.ArrayIndexOutOfBoundsException: length=3; index=3
05-29 17:29:30.091 11224 13370 E AndroidRuntime: 	at r4.o(PowerKitApi.java:4)
05-29 17:29:30.091 11224 13370 E AndroidRuntime: 	at r4.l(PowerKitApi.java:4)
05-29 17:29:30.091 11224 13370 E AndroidRuntime: 	at m4.e(HuaweiPowerKit.java:1)
05-29 17:29:30.091 11224 13370 E AndroidRuntime: 	at al.D(PowerControlManager.java:4)
05-29 17:29:30.091 11224 13370 E AndroidRuntime: 	at al.r(PowerControlManager.java:1)
05-29 17:29:30.091 11224 13370 E AndroidRuntime: 	at al.s(Unknown Source:0)
05-29 17:29:30.091 11224 13370 E AndroidRuntime: 	at qk.run(Unknown Source:2)
05-29 17:29:30.091 11224 13370 E AndroidRuntime: 	at java.util.concurrent.ThreadPoolExecutor.processTask(ThreadPoolExecutor.java:1187)
05-29 17:29:30.091 11224 13370 E AndroidRuntime: 	at java.util.concurrent.ThreadPoolExecutor.runWorker(ThreadPoolExecutor.java:1152)
05-29 17:29:30.091 11224 13370 E AndroidRuntime: 	at java.util.concurrent.ThreadPoolExecutor$Worker.run(ThreadPoolExecutor.java:641)
05-29 17:29:30.091 11224 13370 E AndroidRuntime: 	at java.lang.Thread.run(Thread.java:784)
05-29 18:37:41.516 18503 23134 E AndroidRuntime: FATAL EXCEPTION: Location-Task-9
05-29 18:37:41.516 18503 23134 E AndroidRuntime: Process: com.huawei.hwid.core, PID: 18503
05-29 18:37:41.516 18503 23134 E AndroidRuntime: java.lang.ArrayIndexOutOfBoundsException: length=3; index=3
05-29 18:37:41.516 18503 23134 E AndroidRuntime: 	at r4.o(PowerKitApi.java:4)
05-29 18:37:41.516 18503 23134 E AndroidRuntime: 	at r4.l(PowerKitApi.java:4)
05-29 18:37:41.516 18503 23134 E AndroidRuntime: 	at m4.e(HuaweiPowerKit.java:1)
05-29 18:37:41.516 18503 23134 E AndroidRuntime: 	at al.D(PowerControlManager.java:4)
05-29 18:37:41.516 18503 23134 E AndroidRuntime: 	at al.r(PowerControlManager.java:1)
05-29 18:37:41.516 18503 23134 E AndroidRuntime: 	at al.s(Unknown Source:0)
05-29 18:37:41.516 18503 23134 E AndroidRuntime: 	at qk.run(Unknown Source:2)
05-29 18:37:41.516 18503 23134 E AndroidRuntime: 	at java.util.concurrent.ThreadPoolExecutor.processTask(ThreadPoolExecutor.java:1187)
05-29 18:37:41.516 18503 23134 E AndroidRuntime: 	at java.util.concurrent.ThreadPoolExecutor.runWorker(ThreadPoolExecutor.java:1152)
05-29 18:37:41.516 18503 23134 E AndroidRuntime: 	at java.util.concurrent.ThreadPoolExecutor$Worker.run(ThreadPoolExecutor.java:641)
05-29 18:37:41.516 18503 23134 E AndroidRuntime: 	at java.lang.Thread.run(Thread.java:784)
05-29 19:01:35.611 23160 25215 E AndroidRuntime: FATAL EXCEPTION: Location-Task-7
05-29 19:01:35.611 23160 25215 E AndroidRuntime: Process: com.huawei.hwid.core, PID: 23160
05-29 19:01:35.611 23160 25215 E AndroidRuntime: java.lang.ArrayIndexOutOfBoundsException: length=3; index=3
05-29 19:01:35.611 23160 25215 E AndroidRuntime: 	at r4.o(PowerKitApi.java:4)
05-29 19:01:35.611 23160 25215 E AndroidRuntime: 	at r4.l(PowerKitApi.java:4)
05-29 19:01:35.611 23160 25215 E AndroidRuntime: 	at m4.e(HuaweiPowerKit.java:1)
05-29 19:01:35.611 23160 25215 E AndroidRuntime: 	at al.D(PowerControlManager.java:4)
05-29 19:01:35.611 23160 25215 E AndroidRuntime: 	at al.r(PowerControlManager.java:1)
05-29 19:01:35.611 23160 25215 E AndroidRuntime: 	at al.s(Unknown Source:0)
05-29 19:01:35.611 23160 25215 E AndroidRuntime: 	at qk.run(Unknown Source:2)
05-29 19:01:35.611 23160 25215 E AndroidRuntime: 	at java.util.concurrent.ThreadPoolExecutor.processTask(ThreadPoolExecutor.java:1187)
05-29 19:01:35.611 23160 25215 E AndroidRuntime: 	at java.util.concurrent.ThreadPoolExecutor.runWorker(ThreadPoolExecutor.java:1152)
05-29 19:01:35.611 23160 25215 E AndroidRuntime: 	at java.util.concurrent.ThreadPoolExecutor$Worker.run(ThreadPoolExecutor.java:641)
05-29 19:01:35.611 23160 25215 E AndroidRuntime: 	at java.lang.Thread.run(Thread.java:784)
05-29 19:41:10.368  1342  6709 E AndroidRuntime: FATAL EXCEPTION: Location-Task-7
05-29 19:41:10.368  1342  6709 E AndroidRuntime: Process: com.huawei.hwid.core, PID: 1342
05-29 19:41:10.368  1342  6709 E AndroidRuntime: java.lang.ArrayIndexOutOfBoundsException: length=3; index=3
05-29 19:41:10.368  1342  6709 E AndroidRuntime: 	at r4.o(PowerKitApi.java:4)
05-29 19:41:10.368  1342  6709 E AndroidRuntime: 	at r4.l(PowerKitApi.java:4)
05-29 19:41:10.368  1342  6709 E AndroidRuntime: 	at m4.e(HuaweiPowerKit.java:1)
05-29 19:41:10.368  1342  6709 E AndroidRuntime: 	at al.D(PowerControlManager.java:4)
05-29 19:41:10.368  1342  6709 E AndroidRuntime: 	at al.r(PowerControlManager.java:1)
05-29 19:41:10.368  1342  6709 E AndroidRuntime: 	at al.s(Unknown Source:0)
05-29 19:41:10.368  1342  6709 E AndroidRuntime: 	at qk.run(Unknown Source:2)
05-29 19:41:10.368  1342  6709 E AndroidRuntime: 	at java.util.concurrent.ThreadPoolExecutor.processTask(ThreadPoolExecutor.java:1187)
05-29 19:41:10.368  1342  6709 E AndroidRuntime: 	at java.util.concurrent.ThreadPoolExecutor.runWorker(ThreadPoolExecutor.java:1152)
05-29 19:41:10.368  1342  6709 E AndroidRuntime: 	at java.util.concurrent.ThreadPoolExecutor$Worker.run(ThreadPoolExecutor.java:641)
05-29 19:41:10.368  1342  6709 E AndroidRuntime: 	at java.lang.Thread.run(Thread.java:784)
--------- beginning of system
05-29 20:17:29.363  1409  1409 I chatty  : uid=1000 system_server expire 82 lines
05-29 20:17:29.369  1904  2036 I BoosterSwitchP: handleStateChanged reason=2
05-29 20:17:29.391  1904  2036 I DeepNoDisturbP: handleStateChanged reason=2
05-29 20:17:29.394  2008  2008 D Mapcon  : TelephonyTracker: onSignalStrengthsChanged:phoneId=0, level=5
05-29 20:17:29.397  1904  2036 I DeepNoDisturbSM: setScreenState isScreenOn=true
05-29 20:17:29.402  1904  1904 I DeepNoDisturbSM: IdleState processMessage msg.what=EVENT_SCREEN_ON
05-29 20:17:29.404  1904  2036 I HidataAppQoeP: handleStateChanged reason=2
05-29 20:17:29.408  2008  2524 D Mapcon  : SMVoice-0-Normal: PrepareState:defaultStatehandle msg=CMD_SIGNAL_STRENGTH_CHANED_IND
05-29 20:17:29.408  1904  1904 I DeepNoDisturbSM: isWifiConnected = true
05-29 20:17:29.425  1904  2036 I PreDnsQuery: handleStateChanged reason=2
05-29 20:17:29.427  1904  2036 I PreDnsQuery: No need to handled!
05-29 20:17:29.427  1904  2036 I BrowserChrP: handleStateChanged
05-29 20:17:29.436  1904  2036 I HidataAppQoeP: handleStateChanged reason=7
05-29 20:17:29.440  1904  1904 I DeepNoDisturbSM: isNetworkTypeSuitDeepNoDisturbMode networkType = 3
05-29 20:17:29.440  1904  1904 I DeepNoDisturbSM: isCorrectState=true mIsCallOn=false mGameStatus=0 defaultDataSubId=0 default4GSlotId=0 mIsDefaultDataOn=false mIsScreenOn=true deepNoDisturbModeProp=true isDeepNoDisturbSwitchOn=false isGameDndSwitchOn=false isNetworkTypeSuitDeepNoDisturbMode=false isAirplaneModeOn()=false
05-29 20:17:29.440  1904  1904 I DeepNoDisturbSM: isNeedEnterDeepNoDisturbMode false
05-29 20:17:29.443  1904  2036 I PreDnsQuery: handleStateChanged reason=7
05-29 20:17:29.444  1904  2036 I PreDnsQuery: No need to handled!
05-29 20:17:29.444  1904  2036 I BrowserChrP: handleStateChanged
05-29 20:17:29.445  1409  8877 I chatty  : uid=1000(system) Binder:1409_1F expire 7 lines
05-29 20:17:29.451  1904  2036 I BoosterTelephonyCollector: handleDsdsStateChanged:dsds state= 0
05-29 20:17:29.455  1904  2036 I PreDnsQuery: handleStateChanged reason=-1
05-29 20:17:29.459  1904  2036 I BrowserChrP: handleStateChanged
05-29 20:17:29.489  1409  1597 I chatty  : uid=1000(system) hw_finger_unloc expire 1 line
05-29 20:17:29.510  1409  1701 I chatty  : uid=1000(system) PhotonicModulat expire 1 line
05-29 20:17:29.525  2008  2008 W SettingsEx: SettingsEx.Systemex.getString deprecated use Settings.System.getString instead ;callers=com.android.internal.telephony.gsm.HwCustGsmServiceStateManagerImpl.isMccForShowNetname:206 com.android.internal.telephony.gsm.HwCustGsmServiceStateManagerImpl.isShowNetnameByMcc:197 com.android.internal.telephony.gsm.HwCustGsmServiceStateManagerImpl.setOnsDisplayCustomization:148 
05-29 20:17:29.591  2178  2178 I HwNetworkPolicyManager: forceUpdatePolicy isRoaming = false
05-29 20:17:29.605  2008  2524 D Mapcon  : SMVoice-0-Normal: PrepareState:defaultStatehandle msg=CMD_IMS_STATE_CHANGE_IND
05-29 20:17:29.608  1409  1474 I chatty  : uid=1000(system) ActivityManager expire 1 line
05-29 20:17:29.609  2008  2008 D Telephony-TelecomAccountRegistry: onServiceStateChanged0 newState : 0, mServiceState : 0
05-29 20:17:29.614  2008  2008 I Telephony-PstnPhoneCapabilitiesNotifier: handleVideoCapabilitesChanged. Video capability - false
05-29 20:17:29.626   562   604 W SocketListener: sending broadcast to Pid = 1409, Uid = 1000 
05-29 20:17:29.626  2008  2524 D Mapcon  : TelephonyAdapter: getImsDomain:phoneId=0, ims_reg_state=255
05-29 20:17:29.628  1409  1616 I chatty  : uid=1000(system) NetdConnector expire 4 lines
05-29 20:17:29.697  2008  2008 W SettingsEx: SettingsEx.Systemex.getString deprecated use Settings.System.getString instead ;callers=com.android.internal.telephony.gsm.HwCustGsmServiceStateManagerImpl.isMccForShowNetname:206 com.android.internal.telephony.gsm.HwCustGsmServiceStateManagerImpl.isShowNetnameByMcc:197 com.android.internal.telephony.gsm.HwCustGsmServiceStateManagerImpl.setOnsDisplayCustomization:148 
05-29 20:17:29.721  2008  2008 V Mapcon  : TelephonyTracker: handleServiceStateChange,phoneId:0
05-29 20:17:29.721  2008  2008 D Mapcon  : EpdgManager: startFind, phoneId=0
05-29 20:17:29.723  2008  2008 D Mapcon  : EpdgManager: need not wait wifi init
05-29 20:17:29.723  2008  2008 E Mapcon  : MapconSMManager: getStateMachineByIpsecId fail, ipsecId=4!!!!!!!!!!
05-29 20:17:29.723  2008  2509 V Mapcon  : EpdgFinding-0: handleStartFind,isFinding=false, mEpdgFindIntervalIndex=0
05-29 20:17:29.726  2008  2524 V Mapcon  : SMVoice-0-Normal: updateRoamingStatus,update flagisRoamingFlag0:0
05-29 20:17:29.726  2008  2524 V Mapcon  : SMVoice-0-Normal: updateRoamingStatus:subId=0, mIsRoaming=false
05-29 20:17:29.727  2008  2524 D Mapcon  : TelephonyAdapter: isVSimEnabled=false
05-29 20:17:29.729  2008  2524 D Mapcon  : MapconUtils: updatePhoneIdModemIdMap,phoneIdToModemId=0, 1, 2
05-29 20:17:29.729  2008  2524 D Mapcon  : EpdgManager: isServiceConnected = true
05-29 20:17:29.730  2008  2509 D Mapcon  : EpdgFinding-0: needNewFind, mPhoneId=0, subId=0
05-29 20:17:29.731  2008  2509 V Mapcon  : EpdgFinding-0: needNewFind,hplmn=70601, vplmn=70601, isRoaming=false, mFindStatus=SUCCESS, mIsWifiActive=true
05-29 20:17:29.731  2008  2524 D Mapcon  : MapconConfigImpl-0: getCarrierConfigBoolean, [key]=vowifi_start_without_vowifi_switch_on, [value]=false
05-29 20:17:29.733  2008  2524 D Mapcon  : TelephonyAdapter: getSubState,subId=0, result=1
05-29 20:17:29.733  2008  2524 I Mapcon  : SMVoice-0-Normal: readyForStartUp,mIsModemVersionOk:true,isSupportByPlatform:true ,mIsVoWifiOn:true,mIsViWifiOn:false,mIsWifiConnected:true,mIsUsimReady:false,isSubActive:true,mIsRoaming:false,mIsWiFiRoamingFlag:false,mIsRoamingAllowed:true,bIsWaitingSocket:false,isAirPlaneModeOn:false,serviceState:0,ret:false!!!!!!!!!!
05-29 20:17:29.733  2008  2524 D Mapcon  : SMVoice-0-Normal: PrepareState,handled msg=CMD_SERVICESTATE_CHANGE_IND
05-29 20:17:29.812  1409  1758 I chatty  : uid=1000(system) Binder:1409_6 expire 12 lines
05-29 20:17:31.404  1904  2036 I HidataAppQoeP: handleStateChanged reason=7
05-29 20:17:31.424  1904  2036 I PreDnsQuery: handleStateChanged reason=7
05-29 20:17:31.426  2008  2008 D Mapcon  : TelephonyTracker: onSignalStrengthsChanged:phoneId=0, level=5
05-29 20:17:31.428  1904  2036 I PreDnsQuery: No need to handled!
05-29 20:17:31.428  1904  2036 I BrowserChrP: handleStateChanged
05-29 20:17:31.435  2008  2524 D Mapcon  : SMVoice-0-Normal: PrepareState:defaultStatehandle msg=CMD_SIGNAL_STRENGTH_CHANED_IND
05-29 20:17:32.337  1409  1475 I chatty  : uid=1000(system) android.ui expire 20 lines
05-29 20:17:32.367  1409  1409 I chatty  : uid=1000 system_server expire 55 lines
05-29 20:17:32.769  1409  1605 I chatty  : uid=1000(system) InputReader expire 3 lines
05-29 20:17:32.940  1409  1488 I chatty  : uid=1000(system) PowerManagerSer expire 35 lines
05-29 20:17:33.045  1409  4438 I chatty  : uid=1000(system) Binder:1409_F expire 5 lines
05-29 20:17:33.046   495   503 D vold    : begin lockScreenPrepare
05-29 20:17:33.047   495   503 D vold    : e4crypt_lock_screen_prepare flag is: 1 user_id:0
05-29 20:17:33.275  1409  1485 I chatty  : uid=1000(system) android.display expire 4 lines
05-29 20:17:33.552  1762  1965 E ActivityThread: Failed to find provider info for com.huawei.android.weather
05-29 20:17:33.554  1762  1965 E ActivityThread: Failed to find provider info for com.huawei.android.weather
05-29 20:17:33.608  1409  1631 I chatty  : uid=1000(system) WifiP2pService expire 11 lines
05-29 20:17:33.611  1409  1626 I chatty  : uid=1000(system) WifiStateMachin expire 2 lines
05-29 20:17:33.660  1904  2036 I BoosterGameP: handleStateChanged reason=2
05-29 20:17:33.663  1904  2036 E BoosterGameP: inValidCQI:-1
05-29 20:17:33.663  1904  2036 I BoosterVideoP: handleStateChanged reason=2
05-29 20:17:33.669  1904  2036 I BoosterSwitchP: handleStateChanged reason=2
05-29 20:17:33.672  1904  2036 I DeepNoDisturbP: handleStateChanged reason=2
05-29 20:17:33.673  1904  2036 I DeepNoDisturbSM: setScreenState isScreenOn=false
05-29 20:17:33.673  1904  1904 I DeepNoDisturbSM: IdleState processMessage msg.what=EVENT_SCREEN_OFF
05-29 20:17:33.673  1904  1904 I DeepNoDisturbSM: IdleState: default msg.what=11
05-29 20:17:33.675  1904  2036 I HidataAppQoeP: handleStateChanged reason=2
05-29 20:17:33.678  1904  2036 I PreDnsQuery: handleStateChanged reason=2
05-29 20:17:33.680  1904  2036 I PreDnsQuery: No need to handled!
05-29 20:17:33.681  1904  2036 I BrowserChrP: handleStateChanged
05-29 20:17:33.857  1409  7987 I chatty  : uid=1000(system) Binder:1409_1B expire 9 lines
05-29 20:17:35.308  1409  1484 I chatty  : uid=1000(system) android.io expire 2 lines
05-29 20:17:35.629  1409  1576 I chatty  : uid=1000(system) UEventObserver expire 24 lines
05-29 20:17:35.640  1409  1491 I chatty  : uid=1000(system) HwBinder:1409_1 expire 3 lines
05-29 20:17:35.663  1409  1574 I chatty  : uid=1000(system) HwBatteryServic expire 2 lines
05-29 20:17:35.663  1409  1481 I chatty  : uid=1000(system) batterystats-wo expire 2 lines
05-29 20:17:35.668  1762  1762 W PowerUI : unknown intent: Intent { act=android.intent.action.ACTION_POWER_CONNECTED flg=0x4000010 (has extras) }
05-29 20:17:35.685  1409  1474 I chatty  : uid=1000(system) ActivityManager expire 2 lines
05-29 20:17:35.689   743  1528 I storaged: uid_monitor::update_curr_io_stats_locked: last_uid_io_stats_ size is 248
05-29 20:17:35.689   743  1528 I storaged: uid_monitor::update_curr_io_stats_locked: curr_io_stats_ size is 248
05-29 20:17:35.753  1409  4434 I chatty  : uid=1000(system) Binder:1409_E expire 5 lines
05-29 20:17:35.789  1409  1477 I chatty  : uid=1000(system) ActivityManager expire 2 lines
05-29 20:17:35.790  1409  1918 I chatty  : uid=1000(system) MultiTaskManage expire 2 lines
05-29 20:17:35.802  9114  9114 D ActivityThread: Attach thread to application
05-29 20:17:35.824  1409  1634 I chatty  : uid=1000(system) ConnectivitySer expire 2 lines
05-29 20:17:35.851  1409  7300 I chatty  : uid=1000(system) Binder:1409_19 expire 5 lines
05-29 20:17:35.852  1762  1762 W KeyguardViewMediator: notifyDrawn as: ScreenTurningOn 
05-29 20:17:35.866  1409  1568 I chatty  : uid=1000(system) android.anim expire 7 lines
05-29 20:17:35.969  9134  9134 D ActivityThread: Attach thread to application
05-29 20:17:35.982  1409  8877 I chatty  : uid=1000(system) Binder:1409_1F expire 6 lines
05-29 20:17:36.003   495  9151 D vold    : idle maintenance stopped
05-29 20:17:36.058  1409  1597 I chatty  : uid=1000(system) hw_finger_unloc expire 1 line
05-29 20:17:36.069  1904  2036 I BoosterTelephonyCollector: handleDsdsStateChanged:dsds state= 0
05-29 20:17:36.080  1904  2036 I PreDnsQuery: handleStateChanged reason=-1
05-29 20:17:36.082  1904  2036 I BrowserChrP: handleStateChanged
05-29 20:17:36.098  1904  2036 I BoosterGameP: handleStateChanged reason=2
05-29 20:17:36.101  1904  2036 E BoosterGameP: inValidCQI:-1
05-29 20:17:36.101  1904  2036 I BoosterVideoP: handleStateChanged reason=2
05-29 20:17:36.108  1409  8749 I chatty  : uid=1000(system) Binder:1409_1E expire 9 lines
05-29 20:17:36.124  1904  2036 I BoosterSwitchP: handleStateChanged reason=2
05-29 20:17:36.131  1904  2036 I DeepNoDisturbP: handleStateChanged reason=2
05-29 20:17:36.133  1904  2036 I DeepNoDisturbSM: setScreenState isScreenOn=true
05-29 20:17:36.134  1904  1904 I DeepNoDisturbSM: IdleState processMessage msg.what=EVENT_SCREEN_ON
05-29 20:17:36.136  1904  2036 I HidataAppQoeP: handleStateChanged reason=2
05-29 20:17:36.139  1904  1904 I DeepNoDisturbSM: isWifiConnected = true
05-29 20:17:36.143  1904  2036 I PreDnsQuery: handleStateChanged reason=2
05-29 20:17:36.145  1904  2036 I PreDnsQuery: No need to handled!
05-29 20:17:36.145  1904  2036 I BrowserChrP: handleStateChanged
05-29 20:17:36.157  1409  1757 I chatty  : uid=1000(system) Binder:1409_5 expire 3 lines
05-29 20:17:36.161  1904  1904 I DeepNoDisturbSM: isNetworkTypeSuitDeepNoDisturbMode networkType = 3
05-29 20:17:36.162  1904  1904 I DeepNoDisturbSM: isCorrectState=true mIsCallOn=false mGameStatus=0 defaultDataSubId=0 default4GSlotId=0 mIsDefaultDataOn=false mIsScreenOn=true deepNoDisturbModeProp=true isDeepNoDisturbSwitchOn=false isGameDndSwitchOn=false isNetworkTypeSuitDeepNoDisturbMode=false isAirplaneModeOn()=false
05-29 20:17:36.162  1904  1904 I DeepNoDisturbSM: isNeedEnterDeepNoDisturbMode false
05-29 20:17:36.180  1409  1777 I chatty  : uid=1000(system) HwBinder:1409_4 expire 1 line
05-29 20:17:36.241  2008  2008 W SettingsEx: SettingsEx.Systemex.getString deprecated use Settings.System.getString instead ;callers=com.android.internal.telephony.gsm.HwCustGsmServiceStateManagerImpl.isMccForShowNetname:206 com.android.internal.telephony.gsm.HwCustGsmServiceStateManagerImpl.isShowNetnameByMcc:197 com.android.internal.telephony.gsm.HwCustGsmServiceStateManagerImpl.setOnsDisplayCustomization:148 
05-29 20:17:36.328  1409  1616 I chatty  : uid=1000(system) NetdConnector expire 2 lines
05-29 20:17:36.339  1409  7080 I chatty  : uid=1000(system) Binder:1409_17 expire 5 lines
05-29 20:17:36.340  2178  2178 I HwNetworkPolicyManager: forceUpdatePolicy isRoaming = false
05-29 20:17:36.385  1409  1647 I chatty  : uid=1000(system) Thread-20 expire 1 line
05-29 20:17:36.417  1409  1887 I chatty  : uid=1000(system) LocationThread expire 3 lines
05-29 20:17:36.428  2008  2008 D Telephony-TelecomAccountRegistry: onServiceStateChanged0 newState : 0, mServiceState : 0
05-29 20:17:36.428  1409  9193 I chatty  : uid=1000 system_server expire 5 lines
05-29 20:17:36.472  2008  2008 V Mapcon  : TelephonyTracker: handleServiceStateChange,phoneId:0
05-29 20:17:36.472  2008  2008 D Mapcon  : EpdgManager: startFind, phoneId=0
05-29 20:17:36.477  2008  2008 D Mapcon  : EpdgManager: need not wait wifi init
05-29 20:17:36.477  2008  2008 E Mapcon  : MapconSMManager: getStateMachineByIpsecId fail, ipsecId=4!!!!!!!!!!
05-29 20:17:36.477  2008  2509 V Mapcon  : EpdgFinding-0: handleStartFind,isFinding=false, mEpdgFindIntervalIndex=0
05-29 20:17:36.489  2008  2524 V Mapcon  : SMVoice-0-Normal: updateRoamingStatus,update flagisRoamingFlag0:0
05-29 20:17:36.489  2008  2524 V Mapcon  : SMVoice-0-Normal: updateRoamingStatus:subId=0, mIsRoaming=false
05-29 20:17:36.492  2008  2524 D Mapcon  : TelephonyAdapter: isVSimEnabled=false
05-29 20:17:36.495  2008  2524 D Mapcon  : MapconUtils: updatePhoneIdModemIdMap,phoneIdToModemId=0, 1, 2
05-29 20:17:36.501  2008  2509 D Mapcon  : EpdgFinding-0: needNewFind, mPhoneId=0, subId=0
05-29 20:17:36.504  2008  2524 D Mapcon  : EpdgManager: isServiceConnected = true
05-29 20:17:36.505  2008  2509 V Mapcon  : EpdgFinding-0: needNewFind,hplmn=70601, vplmn=70601, isRoaming=false, mFindStatus=SUCCESS, mIsWifiActive=true
05-29 20:17:36.509  2008  2524 D Mapcon  : MapconConfigImpl-0: getCarrierConfigBoolean, [key]=vowifi_start_without_vowifi_switch_on, [value]=false
05-29 20:17:36.513  1409  4064 I chatty  : uid=1000(system) backup expire 29 lines
05-29 20:17:36.515  2008  2524 D Mapcon  : TelephonyAdapter: getSubState,subId=0, result=1
05-29 20:17:36.515  2008  2524 I Mapcon  : SMVoice-0-Normal: readyForStartUp,mIsModemVersionOk:true,isSupportByPlatform:true ,mIsVoWifiOn:true,mIsViWifiOn:false,mIsWifiConnected:true,mIsUsimReady:false,isSubActive:true,mIsRoaming:false,mIsWiFiRoamingFlag:false,mIsRoamingAllowed:true,bIsWaitingSocket:false,isAirPlaneModeOn:false,serviceState:0,ret:false!!!!!!!!!!
05-29 20:17:36.515  2008  2524 D Mapcon  : SMVoice-0-Normal: PrepareState,handled msg=CMD_SERVICESTATE_CHANGE_IND
05-29 20:17:36.517  2008  2008 I Telephony-PstnPhoneCapabilitiesNotifier: handleVideoCapabilitesChanged. Video capability - false
05-29 20:17:36.518  2008  2524 D Mapcon  : SMVoice-0-Normal: PrepareState:defaultStatehandle msg=CMD_IMS_STATE_CHANGE_IND
05-29 20:17:36.548  2008  2524 D Mapcon  : TelephonyAdapter: getImsDomain:phoneId=0, ims_reg_state=255
05-29 20:17:36.612  1409  7987 I chatty  : uid=1000(system) Binder:1409_1B expire 15 lines
05-29 20:17:36.613  1409  1475 I chatty  : uid=1000(system) android.ui expire 11 lines
05-29 20:17:36.614  1409  1757 I chatty  : uid=1000(system) Binder:1409_5 expire 7 lines
05-29 20:17:36.624  1409  4438 I chatty  : uid=1000(system) Binder:1409_F expire 23 lines
05-29 20:17:36.628  1409  1409 I chatty  : uid=1000 system_server expire 17 lines
05-29 20:17:36.631  1409  1630 I chatty  : uid=1000(system) WifiScanningSer expire 2 lines
05-29 20:17:36.638  1409  7080 I chatty  : uid=1000(system) Binder:1409_17 expire 4 lines
05-29 20:17:36.644  2008  2008 W SettingsEx: SettingsEx.Systemex.getString deprecated use Settings.System.getString instead ;callers=com.android.internal.telephony.gsm.HwCustGsmServiceStateManagerImpl.isMccForShowNetname:206 com.android.internal.telephony.gsm.HwCustGsmServiceStateManagerImpl.isShowNetnameByMcc:197 com.android.internal.telephony.gsm.HwCustGsmServiceStateManagerImpl.setOnsDisplayCustomization:148 
05-29 20:17:36.659  1409  8877 I chatty  : uid=1000(system) Binder:1409_1F expire 4 lines
05-29 20:17:36.679  1409  9781 I chatty  : uid=1000(system) Binder:1409_20 expire 3 lines
05-29 20:17:36.696  1409  1758 I chatty  : uid=1000(system) Binder:1409_6 expire 14 lines
05-29 20:17:36.713  1409  7300 I chatty  : uid=1000(system) Binder:1409_19 expire 19 lines
05-29 20:17:36.780  1409  4434 I chatty  : uid=1000(system) Binder:1409_E expire 13 lines
05-29 20:17:36.883  1409  1568 I chatty  : uid=1000(system) android.anim expire 8 lines
05-29 20:17:37.155   562   605 W SocketListener: sending broadcast to Pid = 1409, Uid = 1000 
05-29 20:17:37.158  1409  1616 I chatty  : uid=1000(system) NetdConnector expire 4 lines
05-29 20:17:37.161  1409  1483 I chatty  : uid=1000(system) android.fg expire 2 lines
05-29 20:17:37.271  1409  1887 I chatty  : uid=1000(system) LocationThread expire 9 lines
05-29 20:17:37.285  1409  9270 I chatty  : uid=1000 system_server expire 3 lines
05-29 20:17:37.474  1409  8749 I chatty  : uid=1000(system) Binder:1409_1E expire 15 lines
05-29 20:17:37.477  1904  2036 I HidataAppQoeP: handleStateChanged reason=7
05-29 20:17:37.495  1409  4355 I chatty  : uid=1000(system) Binder:1409_D expire 14 lines
05-29 20:17:37.500  1904  2036 I PreDnsQuery: handleStateChanged reason=7
05-29 20:17:37.507  1904  2036 I PreDnsQuery: No need to handled!
05-29 20:17:37.507  1904  2036 I BrowserChrP: handleStateChanged
05-29 20:17:37.514  1409  1675 I chatty  : uid=1000(system) Binder:1409_3 expire 4 lines
05-29 20:17:37.515  1409  1477 I chatty  : uid=1000(system) ActivityManager expire 4 lines
05-29 20:17:37.516  1409  1918 I chatty  : uid=1000(system) MultiTaskManage expire 4 lines
05-29 20:17:37.516  1409  6372 I chatty  : uid=1000(system) Binder:1409_16 expire 5 lines
05-29 20:17:37.526  2008  2008 D Mapcon  : TelephonyTracker: onSignalStrengthsChanged:phoneId=0, level=5
05-29 20:17:37.529  9288  9288 D ActivityThread: Attach thread to application
05-29 20:17:37.536  2008  2524 D Mapcon  : SMVoice-0-Normal: PrepareState:defaultStatehandle msg=CMD_SIGNAL_STRENGTH_CHANED_IND
05-29 20:17:37.714  1409  1474 I chatty  : uid=1000(system) ActivityManager expire 3 lines
05-29 20:17:38.314  1409  1484 I chatty  : uid=1000(system) android.io expire 1 line
05-29 20:17:38.315  1409  1605 I chatty  : uid=1000(system) InputReader expire 3 lines
05-29 20:17:38.481  1409  1488 I chatty  : uid=1000(system) PowerManagerSer expire 16 lines
05-29 20:17:38.555   495   503 D vold    : begin lockScreenPrepare
05-29 20:17:38.555   495   503 D vold    : e4crypt_lock_screen_prepare flag is: 1 user_id:0
05-29 20:17:38.793  1409  1485 I chatty  : uid=1000(system) android.display expire 2 lines
05-29 20:17:39.071  1762  2260 E ActivityThread: Failed to find provider info for com.huawei.android.weather
05-29 20:17:39.078  1762  2260 E ActivityThread: Failed to find provider info for com.huawei.android.weather
05-29 20:17:39.120  1409  1626 I chatty  : uid=1000(system) WifiStateMachin expire 1 line
05-29 20:17:39.121  1409  1631 I chatty  : uid=1000(system) WifiP2pService expire 5 lines
05-29 20:17:39.153  1904  2036 I BoosterGameP: handleStateChanged reason=2
05-29 20:17:39.155  1904  2036 E BoosterGameP: inValidCQI:-1
05-29 20:17:39.155  1904  2036 I BoosterVideoP: handleStateChanged reason=2
05-29 20:17:39.159  1904  2036 I BoosterSwitchP: handleStateChanged reason=2
05-29 20:17:39.161  1904  2036 I DeepNoDisturbP: handleStateChanged reason=2
05-29 20:17:39.162  1904  2036 I DeepNoDisturbSM: setScreenState isScreenOn=false
05-29 20:17:39.162  1904  1904 I DeepNoDisturbSM: IdleState processMessage msg.what=EVENT_SCREEN_OFF
05-29 20:17:39.162  1904  1904 I DeepNoDisturbSM: IdleState: default msg.what=11
05-29 20:17:39.163  1904  2036 I HidataAppQoeP: handleStateChanged reason=2
05-29 20:17:39.165  1904  2036 I PreDnsQuery: handleStateChanged reason=2
05-29 20:17:39.166  1904  2036 I PreDnsQuery: No need to handled!
05-29 20:17:39.166  1904  2036 I BrowserChrP: handleStateChanged
05-29 20:17:39.903  9403  9403 D ActivityThread: Attach thread to application
05-29 20:17:40.300  9443  9443 D ActivityThread: Attach thread to application
05-29 20:17:40.642  9475  9475 D ActivityThread: Attach thread to application
05-29 20:17:41.320  1409  1484 I chatty  : uid=1000(system) android.io expire 5 lines
05-29 20:17:41.325  1409  8749 I chatty  : uid=1000(system) Binder:1409_1E expire 16 lines
05-29 20:17:41.439  1409  4438 I chatty  : uid=1000(system) Binder:1409_F expire 20 lines
05-29 20:17:41.473  1409  4434 I chatty  : uid=1000(system) Binder:1409_E expire 14 lines
05-29 20:17:41.475  1409  1758 I chatty  : uid=1000(system) Binder:1409_6 expire 31 lines
05-29 20:17:41.505  1409  7080 I chatty  : uid=1000(system) Binder:1409_17 expire 12 lines
05-29 20:17:41.850  1409  1630 I chatty  : uid=1000(system) WifiScanningSer expire 2 lines
05-29 20:17:42.372   562   605 W SocketListener: sending broadcast to Pid = 1409, Uid = 1000 
05-29 20:17:42.374  1409  1616 I chatty  : uid=1000(system) NetdConnector expire 10 lines
05-29 20:17:42.376  1409  1483 I chatty  : uid=1000(system) android.fg expire 4 lines
05-29 20:17:42.498  1409  1887 I chatty  : uid=1000(system) LocationThread expire 4 lines
05-29 20:17:42.518  1409  9193 I chatty  : uid=1000 system_server expire 3 lines
05-29 20:17:42.719  1409  4064 I chatty  : uid=1000(system) backup expire 66 lines
05-29 20:17:43.021  1409  1409 I chatty  : uid=1000 system_server expire 6 lines
05-29 20:17:43.475  1904  2036 I HidataAppQoeP: handleStateChanged reason=7
05-29 20:17:43.484  1904  2036 I PreDnsQuery: handleStateChanged reason=7
05-29 20:17:43.486  1904  2036 I PreDnsQuery: No need to handled!
05-29 20:17:43.486  1904  2036 I BrowserChrP: handleStateChanged
05-29 20:17:43.520  2008  2008 D Mapcon  : TelephonyTracker: onSignalStrengthsChanged:phoneId=0, level=5
05-29 20:17:43.529  2008  2524 D Mapcon  : SMVoice-0-Normal: PrepareState:defaultStatehandle msg=CMD_SIGNAL_STRENGTH_CHANED_IND
05-29 20:17:44.628  1409  4355 I chatty  : uid=1000(system) Binder:1409_D expire 4 lines
05-29 20:17:46.394  1409  1477 I chatty  : uid=1000(system) ActivityManager expire 4 lines
05-29 20:17:46.395  1409  1918 I chatty  : uid=1000(system) MultiTaskManage expire 4 lines
05-29 20:17:46.430  9515  9515 D ActivityThread: Attach thread to application
05-29 20:17:48.366  9537  9537 D ActivityThread: Attach thread to application
05-29 20:17:49.493  1904  2036 I HidataAppQoeP: handleStateChanged reason=7
05-29 20:17:49.561  1904  2036 I PreDnsQuery: handleStateChanged reason=7
05-29 20:17:49.568  1904  2036 I PreDnsQuery: No need to handled!
05-29 20:17:49.568  1904  2036 I BrowserChrP: handleStateChanged
05-29 20:17:49.574  2008  2008 D Mapcon  : TelephonyTracker: onSignalStrengthsChanged:phoneId=0, level=5
05-29 20:17:49.584  2008  2524 D Mapcon  : SMVoice-0-Normal: PrepareState:defaultStatehandle msg=CMD_SIGNAL_STRENGTH_CHANED_IND
05-29 20:17:51.044  9537  9601 D HwCustConnectivityManagerImpl: isBlockNetworkRequestByNonAis, INVALID_SUBSCRIPTION_ID
05-29 20:17:51.051  9537  9601 D HwCustConnectivityManagerImpl: isBlockNetworkRequestByNonAis, INVALID_SUBSCRIPTION_ID
05-29 20:17:51.055  1409  1634 I chatty  : uid=1000(system) ConnectivitySer expire 39 lines
05-29 20:17:52.638  9614  9614 D ActivityThread: Attach thread to application
05-29 20:17:53.128   562   606 W SocketListener: sending broadcast to Pid = 1409, Uid = 1000 
05-29 20:17:53.139  1409  1622 I chatty  : uid=1000(system) NetworkStats expire 5 lines
05-29 20:17:53.149  1409  8749 I chatty  : uid=1000(system) Binder:1409_1E expire 3 lines
05-29 20:17:53.214  9640  9640 D ActivityThread: Attach thread to application
05-29 20:17:53.279  1409  4434 I chatty  : uid=1000(system) Binder:1409_E expire 2 lines
05-29 20:17:53.307  1409  4438 I chatty  : uid=1000(system) Binder:1409_F expire 1 line
05-29 20:17:53.470  1409  1758 I chatty  : uid=1000(system) Binder:1409_6 expire 5 lines
05-29 20:17:53.590  1409  4064 I chatty  : uid=1000(system) backup expire 11 lines
05-29 20:17:53.651  1409  1758 I chatty  : uid=1000(system) Binder:1409_6 expire 41 lines
05-29 20:17:53.669  1409  1409 I chatty  : uid=1000 system_server expire 15 lines
05-29 20:17:53.767  1409  7300 I chatty  : uid=1000(system) Binder:1409_19 expire 16 lines
05-29 20:17:53.901  1409  4434 I chatty  : uid=1000(system) Binder:1409_E expire 13 lines
05-29 20:17:53.911  1409  8749 I chatty  : uid=1000(system) Binder:1409_1E expire 34 lines
05-29 20:17:54.058  1409  1474 I chatty  : uid=1000(system) ActivityManager expire 2 lines
05-29 20:17:55.980  1409  1871 I chatty  : uid=1000(system) watchdog expire 1 line
05-29 20:17:56.366  1409  1484 I chatty  : uid=1000(system) android.io expire 8 lines
05-29 20:17:57.461  1904 14448 I BoosterSwitchP: notifyUidState do nothing
05-29 20:17:57.462  1904 14448 I DeepNoDisturbP: notifyUidState
05-29 20:17:57.462  1904 14448 I BrowserChrP: notifyUidState
05-29 20:17:57.962  1409  1647 I chatty  : uid=1000(system) Thread-20 expire 6 lines
05-29 20:17:58.979  1409  1477 I chatty  : uid=1000(system) ActivityManager expire 3 lines
05-29 20:17:58.980  1409  1918 I chatty  : uid=1000(system) MultiTaskManage expire 3 lines
05-29 20:17:59.008  9707  9707 D ActivityThread: Attach thread to application
05-29 20:17:59.503  1409  1713 I chatty  : uid=1000(system) SyncManager expire 15 lines
05-29 20:17:59.585  1952  2693 W ContextImpl: Calling a method in the system process without a qualified user: android.app.ContextImpl.bindService:1844 android.content.ContextWrapper.bindService:698 com.huawei.nb.searchmanager.service.RemoteIndexSearchManager.ensureIndexSearchServiceBound:124 com.huawei.nb.searchmanager.service.RemoteIndexSearchManager.buildIndex:381 com.huawei.nb.searchmanager.tasker.IndexTasker.doIndexTaskerAction:134 
05-29 20:17:59.635  9742  9742 D ActivityThread: Attach thread to application
05-29 20:17:59.809  9742  9742 W ContextImpl: Calling a method in the system process without a qualified user: android.app.ContextImpl.startService:1764 android.content.ContextWrapper.startService:664 com.huawei.nb.service.HwNaturalBase.onCreate:24 android.app.Instrumentation.callApplicationOnCreate:1162 android.app.ActivityThread.handleBindApplication:6717 
05-29 20:17:59.849  9742  9768 W ContextImpl: Calling a method in the system process without a qualified user: android.app.ContextImpl.bindService:1844 android.content.ContextWrapper.bindService:698 com.huawei.nb.client.RemoteServiceConnection.open:90 com.huawei.nb.client.Proxy.connect:118 com.huawei.nb.searchmanager.searchengine.service.DataServiceProxyManager.connectDataService:87 
05-29 20:18:00.859  1409  4438 I chatty  : uid=1000(system) Binder:1409_F expire 4 lines
05-29 20:18:01.072  1409  6372 I chatty  : uid=1000(system) Binder:1409_16 expire 14 lines
05-29 20:18:01.520  1409  1642 I chatty  : uid=1000(system) onProviders.ECP expire 3 lines
05-29 20:18:01.555  1409  7987 I chatty  : uid=1000(system) Binder:1409_1B expire 10 lines
05-29 20:18:01.821  1409  7080 I chatty  : uid=1000(system) Binder:1409_17 expire 12 lines
05-29 20:18:01.853  1409  1675 I chatty  : uid=1000(system) Binder:1409_3 expire 9 lines
05-29 20:18:02.821  1409  1634 I chatty  : uid=1000(system) ConnectivitySer expire 5 lines
05-29 20:18:02.830  1904 14448 I BoosterSwitchP: notifyUidState do nothing
05-29 20:18:02.830  1904 14448 I DeepNoDisturbP: notifyUidState
05-29 20:18:02.830  1904 14448 I BrowserChrP: notifyUidState
05-29 20:18:03.251  1409  5352 I chatty  : uid=1000(system) Binder:1409_12 expire 5 lines
05-29 20:18:03.256  1904  7148 I BoosterSwitchP: notifyUidState do nothing
05-29 20:18:03.256  1904  7148 I DeepNoDisturbP: notifyUidState
05-29 20:18:03.256  1904  7148 I BrowserChrP: notifyUidState
05-29 20:18:04.559  7903  9792 E ActivityThread: Failed to find provider info for com.huawei.fastapp.provider.open
05-29 20:18:04.592  1409  1409 I chatty  : uid=1000 system_server expire 4 lines
05-29 20:18:04.797  1409  1731 I chatty  : uid=1000(system) Binder:1409_4 expire 6 lines
05-29 20:18:06.783   743   778 I storaged: storaged_t::event: storage_info refreshed.
05-29 20:18:06.872  1409  1576 I chatty  : uid=1000(system) UEventObserver expire 12 lines
05-29 20:18:06.880  1409  1777 I chatty  : uid=1000(system) HwBinder:1409_4 expire 1 line
05-29 20:18:09.665  1409  5973 I chatty  : uid=1000(system) Binder:1409_14 expire 1 line
05-29 20:18:09.681  1904  7148 I BoosterSwitchP: notifyUidState do nothing
05-29 20:18:09.681  1904  7148 I DeepNoDisturbP: notifyUidState
05-29 20:18:09.681  1904  7148 I BrowserChrP: notifyUidState
05-29 20:18:13.748  1904  7148 I BoosterSwitchP: notifyUidState do nothing
05-29 20:18:13.748  1904  7148 I DeepNoDisturbP: notifyUidState
05-29 20:18:13.748  1904  7148 I BrowserChrP: notifyUidState
05-29 20:18:13.770  1409  4439 I chatty  : uid=1000(system) Binder:1409_10 expire 5 lines
05-29 20:18:13.874  1904  7148 I BoosterSwitchP: notifyUidState do nothing
05-29 20:18:13.874  1904  7148 I DeepNoDisturbP: notifyUidState
05-29 20:18:13.874  1904  7148 I BrowserChrP: notifyUidState
05-29 20:18:14.500  1409  7987 I chatty  : uid=1000(system) Binder:1409_1B expire 4 lines
05-29 20:18:14.590  1409  2416 I chatty  : uid=1000(system) Binder:1409_9 expire 1 line
05-29 20:18:18.819  9802  9802 D ActivityThread: Attach thread to application
05-29 20:18:18.828  1409  7300 I chatty  : uid=1000(system) Binder:1409_19 expire 22 lines
05-29 20:18:18.882  1904 14448 I BoosterSwitchP: notifyUidState do nothing
05-29 20:18:18.882  1904 14448 I DeepNoDisturbP: notifyUidState
05-29 20:18:18.882  1904 14448 I BrowserChrP: notifyUidState
05-29 20:18:19.330  1409  4438 I chatty  : uid=1000(system) Binder:1409_F expire 24 lines
05-29 20:18:19.365  1409  1477 I chatty  : uid=1000(system) ActivityManager expire 2 lines
05-29 20:18:19.366  1409  1918 I chatty  : uid=1000(system) MultiTaskManage expire 2 lines
05-29 20:18:19.386  1409  1647 I chatty  : uid=1000(system) Thread-20 expire 5 lines
05-29 20:18:19.390  9835  9835 D ActivityThread: Attach thread to application
05-29 20:18:19.413  1409  7080 I chatty  : uid=1000(system) Binder:1409_17 expire 17 lines
05-29 20:18:19.447  1904  7148 I BoosterSwitchP: notifyUidState do nothing
05-29 20:18:19.447  1904  7148 I DeepNoDisturbP: notifyUidState
05-29 20:18:19.447  1904  7148 I BrowserChrP: notifyUidState
05-29 20:18:19.643  1409  1409 I chatty  : uid=1000 system_server expire 14 lines
05-29 20:18:19.680  1409  1474 I chatty  : uid=1000(system) ActivityManager expire 4 lines
05-29 20:18:19.711  1409  4439 I chatty  : uid=1000(system) Binder:1409_10 expire 19 lines
05-29 20:18:20.433  1409  1484 I chatty  : uid=1000(system) android.io expire 8 lines
05-29 20:18:21.876  1409  1630 I chatty  : uid=1000(system) WifiScanningSer expire 2 lines
05-29 20:18:22.400   562   605 W SocketListener: sending broadcast to Pid = 1409, Uid = 1000 
05-29 20:18:22.401  1409  1616 I chatty  : uid=1000(system) NetdConnector expire 6 lines
05-29 20:18:22.405  1409  1483 I chatty  : uid=1000(system) android.fg expire 2 lines
05-29 20:18:25.983  1409  1871 I chatty  : uid=1000(system) watchdog expire 1 line
05-29 20:18:26.435  1409  1471 I chatty  : uid=1000(system) android.bg expire 1 line
05-29 20:18:28.475  1409  4355 I chatty  : uid=1000(system) Binder:1409_D expire 9 lines
05-29 20:18:29.526  1409  1713 I chatty  : uid=1000(system) SyncManager expire 7 lines
05-29 20:18:29.609  9878  9878 D ActivityThread: Attach thread to application
05-29 20:18:32.212  1952  2693 W ContextImpl: Calling a method in the system process without a qualified user: android.app.ContextImpl.bindService:1844 android.content.ContextWrapper.bindService:698 com.huawei.nb.searchmanager.service.RemoteIndexSearchManager.ensureIndexSearchServiceBound:124 com.huawei.nb.searchmanager.service.RemoteIndexSearchManager.buildIndex:381 com.huawei.nb.searchmanager.tasker.IndexTasker.doIndexTaskerAction:134 
05-29 20:18:32.228  9742  9905 W ContextImpl: Calling a method in the system process without a qualified user: android.app.ContextImpl.bindService:1844 android.content.ContextWrapper.bindService:698 com.huawei.nb.client.RemoteServiceConnection.open:90 com.huawei.nb.client.Proxy.connect:118 com.huawei.nb.searchmanager.searchengine.service.DataServiceProxyManager.connectDataService:87 
05-29 20:18:32.381  1409  1409 I chatty  : uid=1000 system_server expire 30 lines
05-29 20:18:32.981  1409  7080 I chatty  : uid=1000(system) Binder:1409_17 expire 19 lines
05-29 20:18:34.231  1409  1642 I chatty  : uid=1000(system) onProviders.ECP expire 5 lines
05-29 20:18:37.591  1409  1576 I chatty  : uid=1000(system) UEventObserver expire 6 lines
05-29 20:18:42.231  1904  7148 I BoosterSwitchP: notifyUidState do nothing
05-29 20:18:42.232  1904  7148 I DeepNoDisturbP: notifyUidState
05-29 20:18:42.232  1904  7148 I BrowserChrP: notifyUidState
05-29 20:18:42.239  1409  4434 I chatty  : uid=1000(system) Binder:1409_E expire 1 line
05-29 20:18:42.239  1409  1758 I chatty  : uid=1000(system) Binder:1409_6 expire 8 lines
05-29 20:18:42.241  1409  1634 I chatty  : uid=1000(system) ConnectivitySer expire 3 lines
05-29 20:18:42.263  1904 10150 I BoosterSwitchP: notifyUidState do nothing
05-29 20:18:42.263  1904 10150 I DeepNoDisturbP: notifyUidState
05-29 20:18:42.263  1904 10150 I BrowserChrP: notifyUidState
05-29 20:18:42.307  1409  6283 I chatty  : uid=1000(system) Binder:1409_15 expire 18 lines
05-29 20:18:42.392  1409  1475 I chatty  : uid=1000(system) android.ui expire 8 lines
05-29 20:18:42.623  1409  1568 I chatty  : uid=1000(system) android.anim expire 2 lines
05-29 20:18:42.695  1409  6372 I chatty  : uid=1000(system) Binder:1409_16 expire 15 lines
05-29 20:18:42.876  1409  5913 I chatty  : uid=1000(system) Binder:1409_13 expire 1 line
05-29 20:18:43.131  1409  9781 I chatty  : uid=1000(system) Binder:1409_20 expire 2 lines
05-29 20:18:43.908  1409  1488 I chatty  : uid=1000(system) PowerManagerSer expire 21 lines
05-29 20:18:43.961  1409  1409 I chatty  : uid=1000 system_server expire 27 lines
05-29 20:18:43.973  1409  1485 I chatty  : uid=1000(system) android.display expire 7 lines
05-29 20:18:43.981  1762  1762 W KeyguardViewMediator: notifyDrawn as: ScreenTurningOn 
05-29 20:18:43.985  1409  5913 I chatty  : uid=1000(system) Binder:1409_13 expire 9 lines
05-29 20:18:44.007  1409  9781 I chatty  : uid=1000(system) Binder:1409_20 expire 28 lines
05-29 20:18:44.019  1409  1568 I chatty  : uid=1000(system) android.anim expire 11 lines
05-29 20:18:44.021  1409  1475 I chatty  : uid=1000(system) android.ui expire 26 lines
05-29 20:18:44.030   495  9949 D vold    : idle maintenance stopped
05-29 20:18:44.079  1904  2036 I HidataAppQoeP: handleStateChanged reason=7
05-29 20:18:44.080  1409  1731 I chatty  : uid=1000(system) Binder:1409_4 expire 1 line
05-29 20:18:44.083  1904  2036 I PreDnsQuery: handleStateChanged reason=7
05-29 20:18:44.087  1904  2036 I PreDnsQuery: No need to handled!
05-29 20:18:44.087  1904  2036 I BrowserChrP: handleStateChanged
05-29 20:18:44.181  1409  8478 I chatty  : uid=1000(system) Binder:1409_1D expire 2 lines
05-29 20:18:44.279  1409  1597 I chatty  : uid=1000(system) hw_finger_unloc expire 1 line
05-29 20:18:44.279  1409  1472 I chatty  : uid=1000(system) HwActivityManag expire 3 lines
05-29 20:18:44.279  1409  1486 I chatty  : uid=1000(system) HwGameAssistant expire 1 line
05-29 20:18:44.300  2008  2008 D Mapcon  : TelephonyTracker: onSignalStrengthsChanged:phoneId=0, level=5
05-29 20:18:44.309  2008  2524 D Mapcon  : SMVoice-0-Normal: PrepareState:defaultStatehandle msg=CMD_SIGNAL_STRENGTH_CHANED_IND
