05-29 20:18:44.338  1409  1626 I chatty  : uid=1000(system) WifiStateMachin expire 1 line
05-29 20:18:44.360  1409  1631 I chatty  : uid=1000(system) WifiP2pService expire 6 lines
05-29 20:18:44.387  2008  2008 W SettingsEx: SettingsEx.Systemex.getString deprecated use Settings.System.getString instead ;callers=com.android.internal.telephony.gsm.HwCustGsmServiceStateManagerImpl.isMccForShowNetname:206 com.android.internal.telephony.gsm.HwCustGsmServiceStateManagerImpl.isShowNetnameByMcc:197 com.android.internal.telephony.gsm.HwCustGsmServiceStateManagerImpl.setOnsDisplayCustomization:148 
05-29 20:18:44.426  2178  2178 I HwNetworkPolicyManager: forceUpdatePolicy isRoaming = false
05-29 20:18:44.432  1409  1474 I chatty  : uid=1000(system) ActivityManager expire 2 lines
05-29 20:18:44.462  1904  2036 I BoosterTelephonyCollector: handleDsdsStateChanged:dsds state= 0
05-29 20:18:44.467  1904  2036 I PreDnsQuery: handleStateChanged reason=-1
05-29 20:18:44.469  1409  2060 I chatty  : uid=1000(system) Binder:1409_8 expire 23 lines
05-29 20:18:44.471  1409  1616 I chatty  : uid=1000(system) NetdConnector expire 2 lines
05-29 20:18:44.472  1904  2036 I BrowserChrP: handleStateChanged
05-29 20:18:44.473  1904  2036 I BoosterGameP: handleStateChanged reason=2
05-29 20:18:44.473  2008  2008 V ActivityThread: Skipping new config:{1.15 706mcc1mnc [es_SV] ldltr sw360dp w360dp h712dp 480dpi nrml long port finger -keyb/v/h -nav/h winConfig={ mBounds=Rect(0, 0 - 1080, 2137) mAppBounds=Rect(0, 85 - 1080, 2222) mWindowingMode=fullscreen mActivityType=undefined} nonFullScreen=0 suim:1 s.32}, config:{1.15 706mcc1mnc [es_SV] ldltr sw360dp w360dp h712dp 480dpi nrml long port finger -keyb/v/h -nav/h winConfig={ mBounds=Rect(0, 0 - 1080, 2137) mAppBounds=Rect(0, 85 - 1080, 2222) mWindowingMode=fullscreen mActivityType=undefined} nonFullScreen=0 suim:1 s.32} for app:com.android.phone
05-29 20:18:44.479  1904  2036 E BoosterGameP: inValidCQI:-1
05-29 20:18:44.480  1904  2036 I BoosterVideoP: handleStateChanged reason=2
05-29 20:18:44.484  1904  2036 I BoosterSwitchP: handleStateChanged reason=2
05-29 20:18:44.486  1904  2036 I DeepNoDisturbP: handleStateChanged reason=2
05-29 20:18:44.486  2008  2008 V ActivityThread: callActivityOnCreate
05-29 20:18:44.488  1904  2036 I DeepNoDisturbSM: setScreenState isScreenOn=true
05-29 20:18:44.488  1904  1904 I DeepNoDisturbSM: IdleState processMessage msg.what=EVENT_SCREEN_ON
05-29 20:18:44.490  1904  2036 I HidataAppQoeP: handleStateChanged reason=2
05-29 20:18:44.493  1904  1904 I DeepNoDisturbSM: isWifiConnected = true
05-29 20:18:44.494  1409  1484 I chatty  : uid=1000(system) android.io expire 4 lines
05-29 20:18:44.494  1904  2036 I PreDnsQuery: handleStateChanged reason=2
05-29 20:18:44.495  1904  2036 I PreDnsQuery: No need to handled!
05-29 20:18:44.495  1904  2036 I BrowserChrP: handleStateChanged
05-29 20:18:44.514  1904  1904 I DeepNoDisturbSM: isNetworkTypeSuitDeepNoDisturbMode networkType = 3
05-29 20:18:44.515  1904  1904 I DeepNoDisturbSM: isCorrectState=true mIsCallOn=false mGameStatus=0 defaultDataSubId=0 default4GSlotId=0 mIsDefaultDataOn=false mIsScreenOn=true deepNoDisturbModeProp=true isDeepNoDisturbSwitchOn=false isGameDndSwitchOn=false isNetworkTypeSuitDeepNoDisturbMode=false isAirplaneModeOn()=false
05-29 20:18:44.515  1904  1904 I DeepNoDisturbSM: isNeedEnterDeepNoDisturbMode false
05-29 20:18:44.560  2008  2008 D ActivityThread: add activity client record, r= ActivityRecord{5104213 token=android.os.BinderProxy@fdbf16d {com.android.stk/com.android.stk.StkDialogActivity}} token= android.os.BinderProxy@fdbf16d
05-29 20:18:44.587  1409  6372 I chatty  : uid=1000(system) Binder:1409_16 expire 36 lines
05-29 20:18:44.594  2008  2008 D Telephony-TelecomAccountRegistry: onServiceStateChanged0 newState : 0, mServiceState : 0
05-29 20:18:44.620  1409  1441 I chatty  : uid=1000(system) Binder:1409_1 expire 12 lines
05-29 20:18:44.700  2008  2008 V Mapcon  : TelephonyTracker: handleServiceStateChange,phoneId:0
05-29 20:18:44.700  2008  2008 D Mapcon  : EpdgManager: startFind, phoneId=0
05-29 20:18:44.702  2008  2008 D Mapcon  : EpdgManager: need not wait wifi init
05-29 20:18:44.702  2008  2008 E Mapcon  : MapconSMManager: getStateMachineByIpsecId fail, ipsecId=4!!!!!!!!!!
05-29 20:18:44.702  2008  2509 V Mapcon  : EpdgFinding-0: handleStartFind,isFinding=false, mEpdgFindIntervalIndex=0
05-29 20:18:44.708  2008  2524 V Mapcon  : SMVoice-0-Normal: updateRoamingStatus,update flagisRoamingFlag0:0
05-29 20:18:44.708  2008  2524 V Mapcon  : SMVoice-0-Normal: updateRoamingStatus:subId=0, mIsRoaming=false
05-29 20:18:44.721  2008  2524 D Mapcon  : TelephonyAdapter: isVSimEnabled=false
05-29 20:18:44.722  2008  2524 D Mapcon  : MapconUtils: updatePhoneIdModemIdMap,phoneIdToModemId=0, 1, 2
05-29 20:18:44.723  2008  2524 D Mapcon  : EpdgManager: isServiceConnected = true
05-29 20:18:44.724  2008  2509 D Mapcon  : EpdgFinding-0: needNewFind, mPhoneId=0, subId=0
05-29 20:18:44.726  2008  2509 V Mapcon  : EpdgFinding-0: needNewFind,hplmn=70601, vplmn=70601, isRoaming=false, mFindStatus=SUCCESS, mIsWifiActive=true
05-29 20:18:44.726  2008  2524 D Mapcon  : MapconConfigImpl-0: getCarrierConfigBoolean, [key]=vowifi_start_without_vowifi_switch_on, [value]=false
05-29 20:18:44.729  2008  2524 D Mapcon  : TelephonyAdapter: getSubState,subId=0, result=1
05-29 20:18:44.729  2008  2524 I Mapcon  : SMVoice-0-Normal: readyForStartUp,mIsModemVersionOk:true,isSupportByPlatform:true ,mIsVoWifiOn:true,mIsViWifiOn:false,mIsWifiConnected:true,mIsUsimReady:false,isSubActive:true,mIsRoaming:false,mIsWiFiRoamingFlag:false,mIsRoamingAllowed:true,bIsWaitingSocket:false,isAirPlaneModeOn:false,serviceState:0,ret:false!!!!!!!!!!
05-29 20:18:44.729  2008  2524 D Mapcon  : SMVoice-0-Normal: PrepareState,handled msg=CMD_SERVICESTATE_CHANGE_IND
05-29 20:18:44.729  2008  2524 D Mapcon  : SMVoice-0-Normal: PrepareState:defaultStatehandle msg=CMD_IMS_STATE_CHANGE_IND
05-29 20:18:44.731  2008  2008 I Telephony-PstnPhoneCapabilitiesNotifier: handleVideoCapabilitesChanged. Video capability - false
05-29 20:18:44.744  2008  2524 D Mapcon  : TelephonyAdapter: getImsDomain:phoneId=0, ims_reg_state=255
05-29 20:18:44.832  2008  2008 W SettingsEx: SettingsEx.Systemex.getString deprecated use Settings.System.getString instead ;callers=com.android.internal.telephony.gsm.HwCustGsmServiceStateManagerImpl.isMccForShowNetname:206 com.android.internal.telephony.gsm.HwCustGsmServiceStateManagerImpl.isShowNetnameByMcc:197 com.android.internal.telephony.gsm.HwCustGsmServiceStateManagerImpl.setOnsDisplayCustomization:148 
05-29 20:18:44.984  1409  6283 I chatty  : uid=1000(system) Binder:1409_15 expire 14 lines
05-29 20:18:53.969  1904  2036 I HidataAppQoeP: handleStateChanged reason=7
05-29 20:18:53.979  1904  2036 I PreDnsQuery: handleStateChanged reason=7
05-29 20:18:53.981  1904  2036 I PreDnsQuery: No need to handled!
05-29 20:18:53.981  1904  2036 I BrowserChrP: handleStateChanged
05-29 20:18:54.033  1409  1409 I chatty  : uid=1000 system_server expire 5 lines
05-29 20:18:54.041  2008  2008 D Mapcon  : TelephonyTracker: onSignalStrengthsChanged:phoneId=0, level=5
05-29 20:18:54.046  2008  2524 D Mapcon  : SMVoice-0-Normal: PrepareState:defaultStatehandle msg=CMD_SIGNAL_STRENGTH_CHANED_IND
05-29 20:18:54.098  1409  1488 I chatty  : uid=1000(system) PowerManagerSer expire 13 lines
05-29 20:18:54.107  1409  9781 I chatty  : uid=1000(system) Binder:1409_20 expire 3 lines
05-29 20:18:54.107   495   503 D vold    : begin lockScreenPrepare
05-29 20:18:54.108   495   503 D vold    : e4crypt_lock_screen_prepare flag is: 1 user_id:0
05-29 20:18:54.353  1409  1475 I chatty  : uid=1000(system) android.ui expire 16 lines
05-29 20:18:54.573  1409  9781 I chatty  : uid=1000(system) Binder:1409_20 expire 24 lines
05-29 20:18:54.587  1409  1488 I chatty  : uid=1000(system) PowerManagerSer expire 1 line
05-29 20:18:54.635  1762  1965 E ActivityThread: Failed to find provider info for com.huawei.android.weather
05-29 20:18:54.638  1762  1965 E ActivityThread: Failed to find provider info for com.huawei.android.weather
05-29 20:18:54.639  1409  6372 I chatty  : uid=1000(system) Binder:1409_16 expire 10 lines
05-29 20:18:54.674  2008  2008 D ActivityThread: Remove activity client record, r= ActivityRecord{5104213 token=android.os.BinderProxy@fdbf16d {com.android.stk/com.android.stk.StkDialogActivity}} token= android.os.BinderProxy@fdbf16d
05-29 20:18:54.678  1409  1409 I chatty  : uid=1000 system_server expire 11 lines
05-29 20:18:54.698  1409  1441 I chatty  : uid=1000(system) Binder:1409_1 expire 34 lines
05-29 20:18:54.699  1409  1626 I chatty  : uid=1000(system) WifiStateMachin expire 3 lines
05-29 20:18:54.704  1409  1631 I chatty  : uid=1000(system) WifiP2pService expire 5 lines
05-29 20:18:54.810  1904  2036 I BoosterGameP: handleStateChanged reason=2
05-29 20:18:54.814  1904  2036 E BoosterGameP: inValidCQI:-1
05-29 20:18:54.814  1904  2036 I BoosterVideoP: handleStateChanged reason=2
05-29 20:18:54.821  1904  2036 I BoosterSwitchP: handleStateChanged reason=2
05-29 20:18:54.824  1904  2036 I DeepNoDisturbP: handleStateChanged reason=2
05-29 20:18:54.826  1904  2036 I DeepNoDisturbSM: setScreenState isScreenOn=false
05-29 20:18:54.827  1904  1904 I DeepNoDisturbSM: IdleState processMessage msg.what=EVENT_SCREEN_OFF
05-29 20:18:54.827  1904  1904 I DeepNoDisturbSM: IdleState: default msg.what=11
05-29 20:18:54.828  1904  2036 I HidataAppQoeP: handleStateChanged reason=2
05-29 20:18:54.831  1904  2036 I PreDnsQuery: handleStateChanged reason=2
05-29 20:18:54.835  1904  2036 I PreDnsQuery: No need to handled!
05-29 20:18:54.835  1904  2036 I BrowserChrP: handleStateChanged
05-29 20:18:55.058  1409  6283 I chatty  : uid=1000(system) Binder:1409_15 expire 3 lines
05-29 20:18:55.153  1409  5913 I chatty  : uid=1000(system) Binder:1409_13 expire 1 line
05-29 20:18:55.987  1409  1871 I chatty  : uid=1000(system) watchdog expire 2 lines
05-29 20:18:56.521  1409  1484 I chatty  : uid=1000(system) android.io expire 12 lines
05-29 20:18:57.077  1409  1731 I chatty  : uid=1000(system) Binder:1409_4 expire 1 line
05-29 20:18:57.085  1904  3092 I BoosterSwitchP: notifyUidState do nothing
05-29 20:18:57.085  1904  3092 I DeepNoDisturbP: notifyUidState
05-29 20:18:57.085  1904  3092 I BrowserChrP: notifyUidState
05-29 20:18:57.122  1904 10150 I BoosterSwitchP: notifyUidState do nothing
05-29 20:18:57.122  1904 10150 I DeepNoDisturbP: notifyUidState
05-29 20:18:57.122  1904 10150 I BrowserChrP: notifyUidState
05-29 20:18:57.305  1409  1568 I chatty  : uid=1000(system) android.anim expire 2 lines
05-29 20:18:57.519  1409  7987 I chatty  : uid=1000(system) Binder:1409_1B expire 6 lines
05-29 20:18:57.587  1409  1647 I chatty  : uid=1000(system) Thread-20 expire 3 lines
05-29 20:18:58.303  1409  1477 I chatty  : uid=1000(system) ActivityManager expire 3 lines
05-29 20:18:58.304  1409  1918 I chatty  : uid=1000(system) MultiTaskManage expire 3 lines
05-29 20:18:58.348 10008 10008 D ActivityThread: Attach thread to application
05-29 20:18:59.996  2008  2008 D Mapcon  : TelephonyTracker: onSignalStrengthsChanged:phoneId=0, level=5
05-29 20:19:00.002  2008  2524 D Mapcon  : SMVoice-0-Normal: PrepareState:defaultStatehandle msg=CMD_SIGNAL_STRENGTH_CHANED_IND
05-29 20:19:00.004  1904  2036 I HidataAppQoeP: handleStateChanged reason=7
05-29 20:19:00.010  1904  2036 I PreDnsQuery: handleStateChanged reason=7
05-29 20:19:00.011  1904  2036 I PreDnsQuery: No need to handled!
05-29 20:19:00.012  1904  2036 I BrowserChrP: handleStateChanged
05-29 20:19:02.324  1409  1713 I chatty  : uid=1000(system) SyncManager expire 11 lines
05-29 20:19:05.984  1904  2036 I HidataAppQoeP: handleStateChanged reason=7
05-29 20:19:06.005  1904  2036 I PreDnsQuery: handleStateChanged reason=7
05-29 20:19:06.009  1904  2036 I PreDnsQuery: No need to handled!
05-29 20:19:06.009  1904  2036 I BrowserChrP: handleStateChanged
05-29 20:19:06.011  2008  2008 D Mapcon  : TelephonyTracker: onSignalStrengthsChanged:phoneId=0, level=5
05-29 20:19:06.017  2008  2524 D Mapcon  : SMVoice-0-Normal: PrepareState:defaultStatehandle msg=CMD_SIGNAL_STRENGTH_CHANED_IND
05-29 20:19:06.785   743   778 I storaged: storaged_t::event: storage_info refreshed.
05-29 20:19:07.359  1409  1409 I chatty  : uid=1000 system_server expire 12 lines
05-29 20:19:07.432  1409  6372 I chatty  : uid=1000(system) Binder:1409_16 expire 24 lines
05-29 20:19:08.317  1409  1576 I chatty  : uid=1000(system) UEventObserver expire 12 lines
05-29 20:19:11.987  1904  2036 I HidataAppQoeP: handleStateChanged reason=7
05-29 20:19:12.008  1904  2036 I PreDnsQuery: handleStateChanged reason=7
05-29 20:19:12.013  1904  2036 I PreDnsQuery: No need to handled!
05-29 20:19:12.013  1904  2036 I BrowserChrP: handleStateChanged
05-29 20:19:12.015  2008  2008 D Mapcon  : TelephonyTracker: onSignalStrengthsChanged:phoneId=0, level=5
05-29 20:19:12.021  2008  2524 D Mapcon  : SMVoice-0-Normal: PrepareState:defaultStatehandle msg=CMD_SIGNAL_STRENGTH_CHANED_IND
05-29 20:19:14.027 10049 10049 D ActivityThread: Attach thread to application
05-29 20:19:14.917  1409  1441 I chatty  : uid=1000(system) Binder:1409_1 expire 10 lines
05-29 20:19:14.966 10092 10092 D ActivityThread: Attach thread to application
05-29 20:19:14.974  1409  9781 I chatty  : uid=1000(system) Binder:1409_20 expire 6 lines
05-29 20:19:17.411  1409  1474 I chatty  : uid=1000(system) ActivityManager expire 1 line
05-29 20:19:18.001  1904  2036 I HidataAppQoeP: handleStateChanged reason=7
05-29 20:19:18.017  1904  2036 I PreDnsQuery: handleStateChanged reason=7
05-29 20:19:18.018  2008  2008 D Mapcon  : TelephonyTracker: onSignalStrengthsChanged:phoneId=0, level=5
05-29 20:19:18.023  1904  2036 I PreDnsQuery: No need to handled!
05-29 20:19:18.023  1904  2036 I BrowserChrP: handleStateChanged
05-29 20:19:18.026  1409  6372 I chatty  : uid=1000(system) Binder:1409_16 expire 2 lines
05-29 20:19:18.027  2008  2524 D Mapcon  : SMVoice-0-Normal: PrepareState:defaultStatehandle msg=CMD_SIGNAL_STRENGTH_CHANED_IND
05-29 20:19:18.031  1409  1616 I chatty  : uid=1000(system) NetdConnector expire 4 lines
05-29 20:19:26.696  1904  7148 I BoosterSwitchP: notifyUidState do nothing
05-29 20:19:26.697  1904  7148 I DeepNoDisturbP: notifyUidState
05-29 20:19:26.697  1904  7148 I BrowserChrP: notifyUidState
05-29 20:19:29.624  1409  1484 I chatty  : uid=1000(system) android.io expire 8 lines
05-29 20:19:30.065   562   604 W SocketListener: sending broadcast to Pid = 1409, Uid = 1000 
05-29 20:19:30.074  1409  1483 I chatty  : uid=1000(system) android.fg expire 1 line
05-29 20:19:32.351  7903 10160 E ActivityThread: Failed to find provider info for com.huawei.fastapp.provider.open
05-29 20:19:32.353  1409  1713 I chatty  : uid=1000(system) SyncManager expire 6 lines
05-29 20:19:32.594  1409  1409 I chatty  : uid=1000 system_server expire 10 lines
05-29 20:19:52.708  1409  1441 I chatty  : uid=1000(system) Binder:1409_1 expire 1 line
05-29 20:19:52.724  1904  5976 I BoosterSwitchP: notifyUidState do nothing
05-29 20:19:52.724  1904  5976 I DeepNoDisturbP: notifyUidState
05-29 20:19:52.724  1904  5976 I BrowserChrP: notifyUidState
05-29 20:19:52.743  1409  4438 I chatty  : uid=1000(system) Binder:1409_F expire 9 lines
05-29 20:19:52.752  1409  1475 I chatty  : uid=1000(system) android.ui expire 18 lines
05-29 20:19:52.928  1409  1568 I chatty  : uid=1000(system) android.anim expire 8 lines
05-29 20:19:52.991  1409  4438 I chatty  : uid=1000(system) Binder:1409_F expire 4 lines
05-29 20:19:53.004  1409  7987 I chatty  : uid=1000(system) Binder:1409_1B expire 3 lines
05-29 20:19:53.226  1409  1647 I chatty  : uid=1000(system) Thread-20 expire 3 lines
05-29 20:19:53.689  1409  1484 I chatty  : uid=1000(system) android.io expire 17 lines
05-29 20:19:55.995  1409  1871 I chatty  : uid=1000(system) watchdog expire 4 lines
05-29 20:20:06.786   743   778 I storaged: storaged_t::event: storage_info refreshed.
05-29 20:20:08.227  1409  1441 I chatty  : uid=1000(system) Binder:1409_1 expire 11 lines
05-29 20:20:08.274  1409  1634 I chatty  : uid=1000(system) ConnectivitySer expire 8 lines
05-29 20:20:08.283  1904 14448 I BoosterSwitchP: notifyUidState do nothing
05-29 20:20:08.283  1904 14448 I DeepNoDisturbP: notifyUidState
05-29 20:20:08.283  1904 14448 I BrowserChrP: notifyUidState
05-29 20:20:09.768  1409  1576 I chatty  : uid=1000(system) UEventObserver expire 12 lines
05-29 20:20:12.478  1409  1409 I chatty  : uid=1000 system_server expire 26 lines
05-29 20:20:13.486  1409  1731 I chatty  : uid=1000(system) Binder:1409_4 expire 20 lines
05-29 20:20:42.127  1409  7080 I chatty  : uid=1000(system) Binder:1409_17 expire 1 line
05-29 20:20:42.127  1409  1758 I chatty  : uid=1000(system) Binder:1409_6 expire 1 line
05-29 20:20:42.128   562   604 W SocketListener: sending broadcast to Pid = 1409, Uid = 1000 
05-29 20:20:42.128  1409  2060 I chatty  : uid=1000(system) Binder:1409_8 expire 21 lines
05-29 20:20:42.130  1409  1616 I chatty  : uid=1000(system) NetdConnector expire 6 lines
05-29 20:20:42.132  1409  8478 I chatty  : uid=1000(system) Binder:1409_1D expire 3 lines
05-29 20:20:42.137  1409  1483 I chatty  : uid=1000(system) android.fg expire 3 lines
05-29 20:20:42.140  1904  5976 I BoosterSwitchP: notifyUidState do nothing
05-29 20:20:42.140  1904  5976 I DeepNoDisturbP: notifyUidState
05-29 20:20:42.140  1904  5976 I BrowserChrP: notifyUidState
05-29 20:20:42.257  1409  9781 I chatty  : uid=1000(system) Binder:1409_20 expire 10 lines
05-29 20:20:44.833  1409  1484 I chatty  : uid=1000(system) android.io expire 15 lines
05-29 20:21:01.040  1409  1409 I chatty  : uid=1000 system_server expire 18 lines
05-29 20:21:06.787   743   778 I storaged: storaged_t::event: storage_info refreshed.
05-29 20:21:07.344   562   604 W SocketListener: sending broadcast to Pid = 1409, Uid = 1000 
05-29 20:21:11.208  1409  1576 I chatty  : uid=1000(system) UEventObserver expire 12 lines
05-29 20:21:11.710  1409  9781 I chatty  : uid=1000(system) Binder:1409_20 expire 3 lines
05-29 20:21:11.727  1409  1441 I chatty  : uid=1000(system) Binder:1409_1 expire 13 lines
05-29 20:21:11.734  1409  1475 I chatty  : uid=1000(system) android.ui expire 6 lines
05-29 20:21:12.141  1409  7717 I chatty  : uid=1000(system) Binder:1409_1A expire 7 lines
05-29 20:21:29.803   562   604 W SocketListener: sending broadcast to Pid = 1409, Uid = 1000 
05-29 20:21:29.909  1409  1441 I chatty  : uid=1000(system) Binder:1409_1 expire 7 lines
05-29 20:21:29.970  1409  1484 I chatty  : uid=1000(system) android.io expire 5 lines
05-29 20:21:30.005  1409  1409 I chatty  : uid=1000 system_server expire 1 line
05-29 20:21:30.705  1409  1481 I chatty  : uid=1000(system) batterystats-wo expire 2 lines
05-29 20:21:42.807  1409  1484 I chatty  : uid=1000(system) android.io expire 12 lines
05-29 20:21:46.628  1409  1471 I chatty  : uid=1000(system) android.bg expire 1 line
05-29 20:21:46.716  1409  1616 I chatty  : uid=1000(system) NetdConnector expire 6 lines
05-29 20:21:46.721  1409  1409 I chatty  : uid=1000 system_server expire 21 lines
05-29 20:21:49.243  2008  2566 D Mapcon  : VoWifiQoeService: QoeTimer run
05-29 20:21:49.243  2008  2566 D Mapcon  : VoWifiQoeService: notifyCallBack:
05-29 20:21:49.250  2008  2566 D Mapcon  : VoWifiQoeService: getCallState=0
05-29 20:21:49.253  2008  2566 D Mapcon  : VoWifiQoeService: allowReport,report:WifiStateInd,level:POOR,serviceState:SERVICE_NO,isRunnig:false result:true
05-29 20:21:49.253  2008  2566 D Mapcon  : VoWifiQoeService: getCallbackSize, size=0
05-29 20:21:49.253  2008  2566 D Mapcon  : VoWifiQoeService: getCallbackSize, size=0
05-29 20:21:53.283  1409  7717 I chatty  : uid=1000(system) Binder:1409_1A expire 14 lines
05-29 20:21:53.303  1409  1713 I chatty  : uid=1000(system) SyncManager expire 4 lines
05-29 20:21:53.354  1409  1477 I chatty  : uid=1000(system) ActivityManager expire 3 lines
05-29 20:21:53.355  1409  1918 I chatty  : uid=1000(system) MultiTaskManage expire 3 lines
05-29 20:21:53.387 10216 10216 D ActivityThread: Attach thread to application
05-29 20:21:54.215  1409  2060 I chatty  : uid=1000(system) Binder:1409_8 expire 24 lines
05-29 20:21:55.010  1409  9781 I chatty  : uid=1000(system) Binder:1409_20 expire 15 lines
05-29 20:21:55.277  1409  1441 I chatty  : uid=1000(system) Binder:1409_1 expire 11 lines
05-29 20:21:56.011  1409  1871 I chatty  : uid=1000(system) watchdog expire 2 lines
05-29 20:22:00.428 10301 10301 D ActivityThread: Attach thread to application
05-29 20:22:00.442  1409  1409 I chatty  : uid=1000 system_server expire 12 lines
05-29 20:22:01.606 10301 10339 D HwCustConnectivityManagerImpl: isBlockNetworkRequestByNonAis, INVALID_SUBSCRIPTION_ID
05-29 20:22:01.610  1409  1634 I chatty  : uid=1000(system) ConnectivitySer expire 46 lines
05-29 20:22:01.632 10301 10339 D HwCustConnectivityManagerImpl: isBlockNetworkRequestByNonAis, INVALID_SUBSCRIPTION_ID
05-29 20:22:01.767  1409  8478 I chatty  : uid=1000(system) Binder:1409_1D expire 3 lines
05-29 20:22:01.983  1409  1474 I chatty  : uid=1000(system) ActivityManager expire 1 line
05-29 20:22:03.363 10396 10396 D ActivityThread: Attach thread to application
05-29 20:22:03.759 10396 10396 D HwCustConnectivityManagerImpl: isBlockNetworkRequestByNonAis, INVALID_SUBSCRIPTION_ID
05-29 20:22:06.789   743   778 I storaged: storaged_t::event: DSM updated and published.
05-29 20:22:06.807   743   778 E storaged: open file /data/storaged/storaged.txt failed!2
05-29 20:22:06.808   743   778 E storaged: write(append)  diskstat data failed!ts:1685413326,read bytes:0, write bytes: 0
05-29 20:22:06.808   743   778 I storaged: storaged_t::event: Uidm reported.
05-29 20:22:06.839   743   778 I storaged: uid_monitor::update_curr_io_stats_locked: last_uid_io_stats_ size is 248
05-29 20:22:06.839   743   778 I storaged: uid_monitor::update_curr_io_stats_locked: curr_io_stats_ size is 248
05-29 20:22:06.840   743   778 E storaged: curr_io_stats:  size: 248
05-29 20:22:06.847   743   778 E storaged: open file /data/storaged/storaged.txt failed!2
05-29 20:22:06.847   743   778 E storaged: write(append)  uid data failed!
05-29 20:22:06.848   743   778 I storaged: uid_monitor::update_uid_io_proto: io_history_ size is 4394
05-29 20:22:06.867   743   778 I storaged: storaged_t::event: storage_info refreshed.
05-29 20:22:06.867   743   778 I storaged: storaged_t::event: proto flushed.
05-29 20:22:06.914   743   778 I storaged: storaged_t::event: Pidm reported.
05-29 20:22:06.914   743   778 E storaged: pid_info get_pids failed
05-29 20:22:11.507  1409  1475 I chatty  : uid=1000(system) android.ui expire 12 lines
05-29 20:22:11.594  1409  2060 I chatty  : uid=1000(system) Binder:1409_8 expire 5 lines
05-29 20:22:11.636  1409  1441 I chatty  : uid=1000(system) Binder:1409_1 expire 8 lines
05-29 20:22:11.714  1409  1568 I chatty  : uid=1000(system) android.anim expire 6 lines
05-29 20:22:12.636  1409  1576 I chatty  : uid=1000(system) UEventObserver expire 6 lines
05-29 20:22:16.336  1409  6372 I chatty  : uid=1000(system) Binder:1409_16 expire 7 lines
05-29 20:22:16.346  1904 14448 I BoosterSwitchP: notifyUidState do nothing
05-29 20:22:16.346  1904 14448 I DeepNoDisturbP: notifyUidState
05-29 20:22:16.346  1904 14448 I BrowserChrP: notifyUidState
05-29 20:22:16.844  1409  1647 I chatty  : uid=1000(system) Thread-20 expire 2 lines
05-29 20:22:18.137  1409  1484 I chatty  : uid=1000(system) android.io expire 4 lines
05-29 20:22:27.047  1904 14448 I BoosterSwitchP: notifyUidState do nothing
05-29 20:22:27.047  1904 14448 I DeepNoDisturbP: notifyUidState
05-29 20:22:27.047  1904 14448 I BrowserChrP: notifyUidState
05-29 20:22:27.729   562   604 W SocketListener: sending broadcast to Pid = 1409, Uid = 1000 
05-29 20:22:27.738  1409  1483 I chatty  : uid=1000(system) android.fg expire 2 lines
05-29 20:22:28.500  1409  1605 I chatty  : uid=1000(system) InputReader expire 8 lines
05-29 20:22:28.509  1409  1488 I chatty  : uid=1000(system) PowerManagerSer expire 7 lines
05-29 20:22:28.594  1409  1485 I chatty  : uid=1000(system) android.display expire 2 lines
05-29 20:22:28.605  1762  1762 W KeyguardViewMediator: notifyDrawn as: ScreenTurningOn 
05-29 20:22:28.606  1409  4355 I chatty  : uid=1000(system) Binder:1409_D expire 1 line
05-29 20:22:28.635   495 10462 D vold    : idle maintenance stopped
05-29 20:22:28.640  1409  1631 I chatty  : uid=1000(system) WifiP2pService expire 6 lines
05-29 20:22:28.641  1409  1626 I chatty  : uid=1000(system) WifiStateMachin expire 1 line
05-29 20:22:28.655  1409  1475 I chatty  : uid=1000(system) android.ui expire 25 lines
05-29 20:22:28.667   562   604 W SocketListener: sending broadcast to Pid = 1409, Uid = 1000 
05-29 20:22:28.687  1409  1488 I chatty  : uid=1000(system) PowerManagerSer expire 23 lines
05-29 20:22:28.697  1409  1409 I chatty  : uid=1000 system_server expire 16 lines
05-29 20:22:28.698  1904  2036 I HidataAppQoeP: handleStateChanged reason=7
05-29 20:22:28.710  1409  1441 I chatty  : uid=1000(system) Binder:1409_1 expire 28 lines
05-29 20:22:28.714  1904  2036 I PreDnsQuery: handleStateChanged reason=7
05-29 20:22:28.717  1409  1568 I chatty  : uid=1000(system) android.anim expire 6 lines
05-29 20:22:28.718  1904  2036 I PreDnsQuery: No need to handled!
05-29 20:22:28.718  1904  2036 I BrowserChrP: handleStateChanged
05-29 20:22:28.718  1409  2060 I chatty  : uid=1000(system) Binder:1409_8 expire 12 lines
05-29 20:22:28.720  1409  1616 I chatty  : uid=1000(system) NetdConnector expire 6 lines
05-29 20:22:28.721  1904  2036 I BoosterGameP: handleStateChanged reason=2
05-29 20:22:28.727  1904  2036 E BoosterGameP: inValidCQI:-1
05-29 20:22:28.727  1904  2036 I BoosterVideoP: handleStateChanged reason=2
05-29 20:22:28.729  2008  2008 D Mapcon  : TelephonyTracker: onSignalStrengthsChanged:phoneId=0, level=5
05-29 20:22:28.736  2008  2524 D Mapcon  : SMVoice-0-Normal: PrepareState:defaultStatehandle msg=CMD_SIGNAL_STRENGTH_CHANED_IND
05-29 20:22:28.737  1409  1597 I chatty  : uid=1000(system) hw_finger_unloc expire 1 line
05-29 20:22:28.738  1904  2036 I BoosterSwitchP: handleStateChanged reason=2
05-29 20:22:28.740  1904  2036 I DeepNoDisturbP: handleStateChanged reason=2
05-29 20:22:28.740  1904  2036 I DeepNoDisturbSM: setScreenState isScreenOn=true
05-29 20:22:28.741  1904  1904 I DeepNoDisturbSM: IdleState processMessage msg.what=EVENT_SCREEN_ON
05-29 20:22:28.741  1904  2036 I HidataAppQoeP: handleStateChanged reason=2
05-29 20:22:28.745  1904  1904 I DeepNoDisturbSM: isWifiConnected = true
05-29 20:22:28.746  1904  2036 I PreDnsQuery: handleStateChanged reason=2
05-29 20:22:28.747  1904  2036 I PreDnsQuery: No need to handled!
05-29 20:22:28.747  1904  2036 I BrowserChrP: handleStateChanged
05-29 20:22:28.753  1904  1904 I DeepNoDisturbSM: isNetworkTypeSuitDeepNoDisturbMode networkType = 3
05-29 20:22:28.753  1904  1904 I DeepNoDisturbSM: isCorrectState=true mIsCallOn=false mGameStatus=0 defaultDataSubId=0 default4GSlotId=0 mIsDefaultDataOn=false mIsScreenOn=true deepNoDisturbModeProp=true isDeepNoDisturbSwitchOn=false isGameDndSwitchOn=false isNetworkTypeSuitDeepNoDisturbMode=false isAirplaneModeOn()=false
05-29 20:22:28.753  1904  1904 I DeepNoDisturbSM: isNeedEnterDeepNoDisturbMode false
05-29 20:22:28.808  2008  2008 W SettingsEx: SettingsEx.Systemex.getString deprecated use Settings.System.getString instead ;callers=com.android.internal.telephony.gsm.HwCustGsmServiceStateManagerImpl.isMccForShowNetname:206 com.android.internal.telephony.gsm.HwCustGsmServiceStateManagerImpl.isShowNetnameByMcc:197 com.android.internal.telephony.gsm.HwCustGsmServiceStateManagerImpl.setOnsDisplayCustomization:148 
05-29 20:22:28.850  1409  7717 I chatty  : uid=1000(system) Binder:1409_1A expire 8 lines
05-29 20:22:28.850  2178  2178 I HwNetworkPolicyManager: forceUpdatePolicy isRoaming = false
05-29 20:22:28.852  1409  1701 I chatty  : uid=1000(system) PhotonicModulat expire 1 line
05-29 20:22:28.855  2008  2008 I Telephony-PstnPhoneCapabilitiesNotifier: handleVideoCapabilitesChanged. Video capability - false
05-29 20:22:28.856  1409  1474 I chatty  : uid=1000(system) ActivityManager expire 2 lines
05-29 20:22:28.946  2008  2008 W SettingsEx: SettingsEx.Systemex.getString deprecated use Settings.System.getString instead ;callers=com.android.internal.telephony.gsm.HwCustGsmServiceStateManagerImpl.isMccForShowNetname:206 com.android.internal.telephony.gsm.HwCustGsmServiceStateManagerImpl.isShowNetnameByMcc:197 com.android.internal.telephony.gsm.HwCustGsmServiceStateManagerImpl.setOnsDisplayCustomization:148 
05-29 20:22:28.960  2008  2524 D Mapcon  : SMVoice-0-Normal: PrepareState:defaultStatehandle msg=CMD_IMS_STATE_CHANGE_IND
05-29 20:22:28.960  2008  2008 D Telephony-TelecomAccountRegistry: onServiceStateChanged0 newState : 0, mServiceState : 0
05-29 20:22:28.979  2008  2524 D Mapcon  : TelephonyAdapter: getImsDomain:phoneId=0, ims_reg_state=255
05-29 20:22:28.990  2008  2008 V Mapcon  : TelephonyTracker: handleServiceStateChange,phoneId:0
05-29 20:22:28.990  2008  2008 D Mapcon  : EpdgManager: startFind, phoneId=0
05-29 20:22:28.992  2008  2008 D Mapcon  : EpdgManager: need not wait wifi init
05-29 20:22:28.992  2008  2008 E Mapcon  : MapconSMManager: getStateMachineByIpsecId fail, ipsecId=4!!!!!!!!!!
05-29 20:22:28.993  2008  2509 V Mapcon  : EpdgFinding-0: handleStartFind,isFinding=false, mEpdgFindIntervalIndex=0
05-29 20:22:28.995  2008  2008 I Telephony-PstnPhoneCapabilitiesNotifier: handleVideoCapabilitesChanged. Video capability - false
05-29 20:22:28.999  1904  2036 I BoosterTelephonyCollector: handleDsdsStateChanged:dsds state= 0
05-29 20:22:29.006  2008  2524 V Mapcon  : SMVoice-0-Normal: updateRoamingStatus,update flagisRoamingFlag0:0
05-29 20:22:29.006  2008  2524 V Mapcon  : SMVoice-0-Normal: updateRoamingStatus:subId=0, mIsRoaming=false
05-29 20:22:29.008  1904  2036 I PreDnsQuery: handleStateChanged reason=-1
05-29 20:22:29.009  2008  2509 D Mapcon  : EpdgFinding-0: needNewFind, mPhoneId=0, subId=0
05-29 20:22:29.009  2008  2524 D Mapcon  : TelephonyAdapter: isVSimEnabled=false
05-29 20:22:29.014  2008  2524 D Mapcon  : MapconUtils: updatePhoneIdModemIdMap,phoneIdToModemId=0, 1, 2
05-29 20:22:29.015  1904  2036 I BrowserChrP: handleStateChanged
05-29 20:22:29.016  2008  2509 V Mapcon  : EpdgFinding-0: needNewFind,hplmn=70601, vplmn=70601, isRoaming=false, mFindStatus=SUCCESS, mIsWifiActive=true
05-29 20:22:29.017  2008  2524 D Mapcon  : EpdgManager: isServiceConnected = true
05-29 20:22:29.020  2008  2524 D Mapcon  : MapconConfigImpl-0: getCarrierConfigBoolean, [key]=vowifi_start_without_vowifi_switch_on, [value]=false
05-29 20:22:29.022  2008  2524 D Mapcon  : TelephonyAdapter: getSubState,subId=0, result=1
05-29 20:22:29.022  2008  2524 I Mapcon  : SMVoice-0-Normal: readyForStartUp,mIsModemVersionOk:true,isSupportByPlatform:true ,mIsVoWifiOn:true,mIsViWifiOn:false,mIsWifiConnected:true,mIsUsimReady:false,isSubActive:true,mIsRoaming:false,mIsWiFiRoamingFlag:false,mIsRoamingAllowed:true,bIsWaitingSocket:false,isAirPlaneModeOn:false,serviceState:0,ret:false!!!!!!!!!!
05-29 20:22:29.023  2008  2524 D Mapcon  : SMVoice-0-Normal: PrepareState,handled msg=CMD_SERVICESTATE_CHANGE_IND
05-29 20:22:29.040  1409  1757 I chatty  : uid=1000(system) Binder:1409_5 expire 31 lines
05-29 20:22:29.055  2008  2008 W SettingsEx: SettingsEx.Systemex.getString deprecated use Settings.System.getString instead ;callers=com.android.internal.telephony.gsm.HwCustGsmServiceStateManagerImpl.isMccForShowNetname:206 com.android.internal.telephony.gsm.HwCustGsmServiceStateManagerImpl.isShowNetnameByMcc:197 com.android.internal.telephony.gsm.HwCustGsmServiceStateManagerImpl.setOnsDisplayCustomization:148 
05-29 20:22:29.898  1409  1634 I chatty  : uid=1000(system) ConnectivitySer expire 2 lines
05-29 20:22:30.174  1409  1484 I chatty  : uid=1000(system) android.io expire 12 lines
05-29 20:22:32.064  1409  1477 I chatty  : uid=1000(system) ActivityManager expire 2 lines
05-29 20:22:32.065  1409  1918 I chatty  : uid=1000(system) MultiTaskManage expire 2 lines
05-29 20:22:32.095 10499 10499 D ActivityThread: Attach thread to application
05-29 20:22:32.168  1904 14448 I BoosterSwitchP: notifyUidState do nothing
05-29 20:22:32.168  1904 14448 I DeepNoDisturbP: notifyUidState
05-29 20:22:32.168  1904 14448 I BrowserChrP: notifyUidState
05-29 20:22:32.373 10533 10533 D ActivityThread: Attach thread to application
05-29 20:22:32.664  1409  1647 I chatty  : uid=1000(system) Thread-20 expire 4 lines
05-29 20:22:33.008  1409  1605 I chatty  : uid=1000(system) InputReader expire 3 lines
05-29 20:22:33.270   495   503 D vold    : begin lockScreenPrepare
05-29 20:22:33.271   495   503 D vold    : e4crypt_lock_screen_prepare flag is: 1 user_id:0
05-29 20:22:33.488  1409  1485 I chatty  : uid=1000(system) android.display expire 2 lines
05-29 20:22:33.815  1409  1626 I chatty  : uid=1000(system) WifiStateMachin expire 3 lines
05-29 20:22:33.816  1409  1631 I chatty  : uid=1000(system) WifiP2pService expire 5 lines
05-29 20:22:33.853  1904  2036 I BoosterGameP: handleStateChanged reason=2
05-29 20:22:33.855  1904  2036 E BoosterGameP: inValidCQI:-1
05-29 20:22:33.855  1904  2036 I BoosterVideoP: handleStateChanged reason=2
05-29 20:22:33.860  1904  2036 I BoosterSwitchP: handleStateChanged reason=2
05-29 20:22:33.861  1904  2036 I DeepNoDisturbP: handleStateChanged reason=2
05-29 20:22:33.863  1904  2036 I DeepNoDisturbSM: setScreenState isScreenOn=false
05-29 20:22:33.863  1904  1904 I DeepNoDisturbSM: IdleState processMessage msg.what=EVENT_SCREEN_OFF
05-29 20:22:33.863  1904  1904 I DeepNoDisturbSM: IdleState: default msg.what=11
05-29 20:22:33.864  1904  2036 I HidataAppQoeP: handleStateChanged reason=2
05-29 20:22:33.865  1904  2036 I PreDnsQuery: handleStateChanged reason=2
05-29 20:22:33.866  1904  2036 I PreDnsQuery: No need to handled!
05-29 20:22:33.866  1904  2036 I BrowserChrP: handleStateChanged
05-29 20:22:34.053  1409  7115 I chatty  : uid=1000(system) Binder:1409_18 expire 6 lines
05-29 20:22:34.239  1409  4438 I chatty  : uid=1000(system) Binder:1409_F expire 4 lines
05-29 20:22:43.358  1409  1576 I chatty  : uid=1000(system) UEventObserver expire 6 lines
05-29 20:22:48.738  1409  1471 I chatty  : uid=1000(system) android.bg expire 1 line
05-29 20:22:53.632  1904  7148 I BoosterSwitchP: notifyUidState do nothing
05-29 20:22:53.632  1904  7148 I DeepNoDisturbP: notifyUidState
05-29 20:22:53.632  1904  7148 I BrowserChrP: notifyUidState
05-29 20:22:53.640  1904  7148 I BoosterSwitchP: notifyUidState do nothing
05-29 20:22:53.640  1904  7148 I DeepNoDisturbP: notifyUidState
05-29 20:22:53.640  1904  7148 I BrowserChrP: notifyUidState
05-29 20:22:53.649  1409  8749 I chatty  : uid=1000(system) Binder:1409_1E expire 11 lines
05-29 20:22:53.655  1904  7148 I BoosterSwitchP: notifyUidState do nothing
05-29 20:22:53.655  1904  7148 I DeepNoDisturbP: notifyUidState
05-29 20:22:53.655  1904  7148 I BrowserChrP: notifyUidState
05-29 20:22:53.668  1409  7300 I chatty  : uid=1000(system) Binder:1409_19 expire 2 lines
05-29 20:22:53.696  1409  1475 I chatty  : uid=1000(system) android.ui expire 6 lines
05-29 20:22:54.142  1409  2416 I chatty  : uid=1000(system) Binder:1409_9 expire 5 lines
05-29 20:22:56.020  1409  1871 I chatty  : uid=1000(system) watchdog expire 1 line
05-29 20:23:03.471  1409  1409 I chatty  : uid=1000 system_server expire 1 line
05-29 20:23:05.864   562   604 W SocketListener: sending broadcast to Pid = 1409, Uid = 1000 
05-29 20:23:05.873  1409  1483 I chatty  : uid=1000(system) android.fg expire 1 line
05-29 20:23:05.901  1409  8749 I chatty  : uid=1000(system) Binder:1409_1E expire 17 lines
05-29 20:23:06.396  1409  1484 I chatty  : uid=1000(system) android.io expire 1 line
05-29 20:23:06.578  1409  7080 I chatty  : uid=1000(system) Binder:1409_17 expire 10 lines
05-29 20:23:06.638  1409  1475 I chatty  : uid=1000(system) android.ui expire 3 lines
05-29 20:23:06.665  1409  7300 I chatty  : uid=1000(system) Binder:1409_19 expire 12 lines
05-29 20:23:06.922   743   778 I storaged: storaged_t::event: storage_info refreshed.
05-29 20:23:09.403  1409  1484 I chatty  : uid=1000(system) android.io expire 15 lines
05-29 20:23:14.072  1409  1576 I chatty  : uid=1000(system) UEventObserver expire 12 lines
05-29 20:23:26.024  1409  1871 I chatty  : uid=1000(system) watchdog expire 6 lines
05-29 20:23:52.366  1409  1409 I chatty  : uid=1000 system_server expire 9 lines
05-29 20:23:52.391  1409  2416 I chatty  : uid=1000(system) Binder:1409_9 expire 3 lines
05-29 20:23:52.405  7903 10616 E ActivityThread: Failed to find provider info for com.huawei.fastapp.provider.open
05-29 20:23:52.500  1409  8749 I chatty  : uid=1000(system) Binder:1409_1E expire 12 lines
05-29 20:23:54.530  1409  1484 I chatty  : uid=1000(system) android.io expire 11 lines
05-29 20:24:06.923   743   778 I storaged: storaged_t::event: storage_info refreshed.
05-29 20:24:07.823   562   604 W SocketListener: sending broadcast to Pid = 1409, Uid = 1000 
05-29 20:24:07.827  1409  1616 I chatty  : uid=1000(system) NetdConnector expire 10 lines
05-29 20:24:07.831  1409  1483 I chatty  : uid=1000(system) android.fg expire 8 lines
05-29 20:24:08.486  1409  1471 I chatty  : uid=1000(system) android.bg expire 1 line
05-29 20:24:11.408   562   604 W SocketListener: sending broadcast to Pid = 1409, Uid = 1000 
05-29 20:24:15.524  1409  1576 I chatty  : uid=1000(system) UEventObserver expire 12 lines
05-29 20:24:26.512   562   604 W SocketListener: sending broadcast to Pid = 1409, Uid = 1000 
05-29 20:24:27.084  1409  1477 I chatty  : uid=1000(system) ActivityManager expire 6 lines
05-29 20:24:27.084  1409  1918 I chatty  : uid=1000(system) MultiTaskManage expire 6 lines
05-29 20:24:27.114 10626 10626 D ActivityThread: Attach thread to application
05-29 20:24:27.357  1409  8749 I chatty  : uid=1000(system) Binder:1409_1E expire 13 lines
05-29 20:24:27.654  1409  1484 I chatty  : uid=1000(system) android.io expire 13 lines
05-29 20:24:28.392   562   604 W SocketListener: sending broadcast to Pid = 1409, Uid = 1000 
05-29 20:24:45.712   562   604 W SocketListener: sending broadcast to Pid = 1409, Uid = 1000 
05-29 20:24:50.319   562   604 W SocketListener: sending broadcast to Pid = 1409, Uid = 1000 
05-29 20:24:50.323  1409  1616 I chatty  : uid=1000(system) NetdConnector expire 6 lines
05-29 20:25:05.423   562   604 W SocketListener: sending broadcast to Pid = 1409, Uid = 1000 
05-29 20:25:06.784  1409  1484 I chatty  : uid=1000(system) android.io expire 14 lines
05-29 20:25:06.924   743   778 I storaged: storaged_t::event: storage_info refreshed.
05-29 20:25:16.967  1409  1576 I chatty  : uid=1000(system) UEventObserver expire 12 lines
05-29 20:25:48.880   562   604 W SocketListener: sending broadcast to Pid = 1409, Uid = 1000 
05-29 20:25:48.916  1409  1484 I chatty  : uid=1000(system) android.io expire 9 lines
05-29 20:26:06.925   743   778 I storaged: storaged_t::event: storage_info refreshed.
05-29 20:26:08.256  6730 10689 E AndroidRuntime: FATAL EXCEPTION: Location-Task-7
05-29 20:26:08.256  6730 10689 E AndroidRuntime: Process: com.huawei.hwid.core, PID: 6730
05-29 20:26:08.256  6730 10689 E AndroidRuntime: java.lang.ArrayIndexOutOfBoundsException: length=3; index=3
05-29 20:26:08.256  6730 10689 E AndroidRuntime: 	at r4.o(PowerKitApi.java:4)
05-29 20:26:08.256  6730 10689 E AndroidRuntime: 	at r4.l(PowerKitApi.java:4)
05-29 20:26:08.256  6730 10689 E AndroidRuntime: 	at m4.e(HuaweiPowerKit.java:1)
05-29 20:26:08.256  6730 10689 E AndroidRuntime: 	at al.D(PowerControlManager.java:4)
05-29 20:26:08.256  6730 10689 E AndroidRuntime: 	at al.r(PowerControlManager.java:1)
05-29 20:26:08.256  6730 10689 E AndroidRuntime: 	at al.s(Unknown Source:0)
05-29 20:26:08.256  6730 10689 E AndroidRuntime: 	at qk.run(Unknown Source:2)
05-29 20:26:08.256  6730 10689 E AndroidRuntime: 	at java.util.concurrent.ThreadPoolExecutor.processTask(ThreadPoolExecutor.java:1187)
05-29 20:26:08.256  6730 10689 E AndroidRuntime: 	at java.util.concurrent.ThreadPoolExecutor.runWorker(ThreadPoolExecutor.java:1152)
05-29 20:26:08.256  6730 10689 E AndroidRuntime: 	at java.util.concurrent.ThreadPoolExecutor$Worker.run(ThreadPoolExecutor.java:641)
05-29 20:26:08.256  6730 10689 E AndroidRuntime: 	at java.lang.Thread.run(Thread.java:784)
05-29 20:26:08.461  1409  1758 I chatty  : uid=1000(system) Binder:1409_6 expire 1 line
05-29 20:26:08.551  1409  7717 I chatty  : uid=1000(system) Binder:1409_1A expire 1 line
05-29 20:26:08.551  1409  1757 I chatty  : uid=1000(system) Binder:1409_5 expire 4 lines
05-29 20:26:08.566  1904 14448 I BoosterSwitchP: notifyUidState do nothing
05-29 20:26:08.566  1904 14448 I DeepNoDisturbP: notifyUidState
05-29 20:26:08.566  1904 14448 I BrowserChrP: notifyUidState
05-29 20:26:08.606  6059  6059 E ActivityThread: Service com.huawei.lbs.hms.HwHmsService has leaked IntentReceiver com.huawei.lbs.hms.HwHmsService$1@34c4a9d that was originally registered here. Are you missing a call to unregisterReceiver()?
05-29 20:26:08.606  6059  6059 E ActivityThread: android.app.IntentReceiverLeaked: Service com.huawei.lbs.hms.HwHmsService has leaked IntentReceiver com.huawei.lbs.hms.HwHmsService$1@34c4a9d that was originally registered here. Are you missing a call to unregisterReceiver()?
05-29 20:26:08.606  6059  6059 E ActivityThread: 	at android.app.LoadedApk$ReceiverDispatcher.<init>(LoadedApk.java:1596)
05-29 20:26:08.606  6059  6059 E ActivityThread: 	at android.app.LoadedApk.getReceiverDispatcher(LoadedApk.java:1329)
05-29 20:26:08.606  6059  6059 E ActivityThread: 	at android.app.ContextImpl.registerReceiverInternal(ContextImpl.java:1698)
05-29 20:26:08.606  6059  6059 E ActivityThread: 	at android.app.ContextImpl.registerReceiver(ContextImpl.java:1671)
05-29 20:26:08.606  6059  6059 E ActivityThread: 	at android.app.ContextImpl.registerReceiver(ContextImpl.java:1659)
05-29 20:26:08.606  6059  6059 E ActivityThread: 	at android.content.ContextWrapper.registerReceiver(ContextWrapper.java:623)
05-29 20:26:08.606  6059  6059 E ActivityThread: 	at com.huawei.lbs.hms.HwHmsService.registerWifiBroadcast(HwHmsService.java:278)
05-29 20:26:08.606  6059  6059 E ActivityThread: 	at com.huawei.lbs.hms.HwHmsService.initialize(HwHmsService.java:568)
05-29 20:26:08.606  6059  6059 E ActivityThread: 	at com.huawei.lbs.hms.HwHmsService.access$400(HwHmsService.java:71)
05-29 20:26:08.606  6059  6059 E ActivityThread: 	at com.huawei.lbs.hms.HwHmsService$2.registerEventCallback(HwHmsService.java:142)
05-29 20:26:08.606  6059  6059 E ActivityThread: 	at com.huawei.lbs.hms.IHwHmsService$Stub.onTransact(IHwHmsService.java:69)
05-29 20:26:08.606  6059  6059 E ActivityThread: 	at android.os.Binder.execTransact(Binder.java:739)
05-29 20:26:09.056  1409  1647 I chatty  : uid=1000(system) Thread-20 expire 3 lines
05-29 20:26:09.557  1409  1474 I chatty  : uid=1000(system) ActivityManager expire 1 line
05-29 20:26:09.625 10711 10711 D ActivityThread: Attach thread to application
05-29 20:26:10.001  1409  7987 I chatty  : uid=1000(system) Binder:1409_1B expire 15 lines
05-29 20:26:10.033 10711 10740 D ActivityThread: Loading provider com.huawei.hms.servicemanager: com.huawei.hms.fwkit.provider.HMSFrameworkProvider
05-29 20:26:10.126  1409  7080 I chatty  : uid=1000(system) Binder:1409_17 expire 4 lines
05-29 20:26:10.193 10778 10778 D ActivityThread: Attach thread to application
05-29 20:26:10.250  1409  4438 I chatty  : uid=1000(system) Binder:1409_F expire 6 lines
05-29 20:26:10.251  1904  7148 I BoosterSwitchP: notifyUidState do nothing
05-29 20:26:10.252  1904  7148 I DeepNoDisturbP: notifyUidState
05-29 20:26:10.252  1904  7148 I BrowserChrP: notifyUidState
05-29 20:26:10.253  1904  7148 I BoosterSwitchP: notifyUidState do nothing
05-29 20:26:10.254  1904  7148 I DeepNoDisturbP: notifyUidState
05-29 20:26:10.254  1904  7148 I BrowserChrP: notifyUidState
05-29 20:26:10.336 10711 10780 W PackageParser: Unknown element under <manifest>: queries at /data/user_de/0/com.huawei.hwid/files/kits/com.huawei.hms.account/61001310/com.huawei.hms.account.apk Binary XML file line #76
05-29 20:26:10.354 10711 10780 W PackageParser: No actions in intent filter at /data/user_de/0/com.huawei.hwid/files/kits/com.huawei.hms.account/61001310/com.huawei.hms.account.apk Binary XML file line #1507
05-29 20:26:10.355 10711 10780 W PackageParser: No actions in intent filter at /data/user_de/0/com.huawei.hwid/files/kits/com.huawei.hms.account/61001310/com.huawei.hms.account.apk Binary XML file line #1658
05-29 20:26:10.355 10711 10780 W PackageParser: No actions in intent filter at /data/user_de/0/com.huawei.hwid/files/kits/com.huawei.hms.account/61001310/com.huawei.hms.account.apk Binary XML file line #1672
05-29 20:26:10.368 10711 10780 W PackageParser: No actions in intent filter at /data/user_de/0/com.huawei.hwid/files/kits/com.huawei.hms.account/61001310/com.huawei.hms.account.apk Binary XML file line #3154
05-29 20:26:10.434 10711 10780 W PackageParser: Unknown element under <manifest>: queries at /data/user_de/0/com.huawei.hwid/files/kits/com.huawei.hms.account/61001310/com.huawei.hms.account.apk Binary XML file line #76
05-29 20:26:10.448 10711 10780 W PackageParser: No actions in intent filter at /data/user_de/0/com.huawei.hwid/files/kits/com.huawei.hms.account/61001310/com.huawei.hms.account.apk Binary XML file line #1507
05-29 20:26:10.449 10711 10780 W PackageParser: No actions in intent filter at /data/user_de/0/com.huawei.hwid/files/kits/com.huawei.hms.account/61001310/com.huawei.hms.account.apk Binary XML file line #1658
05-29 20:26:10.450 10711 10780 W PackageParser: No actions in intent filter at /data/user_de/0/com.huawei.hwid/files/kits/com.huawei.hms.account/61001310/com.huawei.hms.account.apk Binary XML file line #1672
05-29 20:26:10.465 10711 10780 W PackageParser: No actions in intent filter at /data/user_de/0/com.huawei.hwid/files/kits/com.huawei.hms.account/61001310/com.huawei.hms.account.apk Binary XML file line #3154
05-29 20:26:10.473 10711 10780 W PackageParser: Unknown element under <manifest>: queries at /data/user_de/0/com.huawei.hwid/files/kits/com.huawei.hms.account/61001310/com.huawei.hms.account.apk Binary XML file line #76
05-29 20:26:10.489 10711 10780 W PackageParser: No actions in intent filter at /data/user_de/0/com.huawei.hwid/files/kits/com.huawei.hms.account/61001310/com.huawei.hms.account.apk Binary XML file line #1507
05-29 20:26:10.490 10711 10780 W PackageParser: No actions in intent filter at /data/user_de/0/com.huawei.hwid/files/kits/com.huawei.hms.account/61001310/com.huawei.hms.account.apk Binary XML file line #1658
05-29 20:26:10.491 10711 10780 W PackageParser: No actions in intent filter at /data/user_de/0/com.huawei.hwid/files/kits/com.huawei.hms.account/61001310/com.huawei.hms.account.apk Binary XML file line #1672
05-29 20:26:10.512 10711 10780 W PackageParser: No actions in intent filter at /data/user_de/0/com.huawei.hwid/files/kits/com.huawei.hms.account/61001310/com.huawei.hms.account.apk Binary XML file line #3154
05-29 20:26:11.015 10711 10754 W PackageParser: Ignoring duplicate uses-permissions/uses-permissions-sdk-m: android.permission.REAL_GET_TASKS in package: com.huawei.hwid at: Binary XML file line #91
05-29 20:26:11.031 10822 10822 D ActivityThread: Attach thread to application
05-29 20:26:11.044 10711 10777 W PackageParser: Unknown element under <manifest>: queries at /data/user_de/0/com.huawei.hwid/files/kits/com.huawei.hms.apptouch.iap/10400302/com.huawei.hms.apptouch.iap.apk Binary XML file line #27
05-29 20:26:11.055 10711 10777 W PackageParser: No actions in intent filter at /data/user_de/0/com.huawei.hwid/files/kits/com.huawei.hms.apptouch.iap/10400302/com.huawei.hms.apptouch.iap.apk Binary XML file line #284
05-29 20:26:11.081 10841 10841 D ActivityThread: Attach thread to application
05-29 20:26:11.333  1409  5252 I chatty  : uid=1000(system) Binder:1409_11 expire 5 lines
05-29 20:26:11.571  1409  4434 I chatty  : uid=1000(system) Binder:1409_E expire 23 lines
05-29 20:26:11.838 10711 10777 W PackageParser: Unknown element under <manifest>: queries at /data/user_de/0/com.huawei.hwid/files/kits/com.huawei.hms.consent/60400305/com.huawei.hms.consent.apk Binary XML file line #15
05-29 20:26:12.084 10711 10777 W PackageParser: Unknown element under <manifest>: queries at /data/user_de/0/com.huawei.hwid/files/kits/com.huawei.hms.hihealth/61000300/com.huawei.hms.hihealth.apk Binary XML file line #18
05-29 20:26:12.274 10711 10777 W PackageParser: Unknown element under <manifest>: queries at /data/user_de/0/com.huawei.hwid/files/kits/com.huawei.hms.drmkitclient/100017300/com.huawei.hms.drmkitclient.apk Binary XML file line #33
05-29 20:26:12.319 10711 10777 W PackageParser: Unknown element under <manifest>: queries at /data/user_de/0/com.huawei.hwid/files/kits/com.huawei.hms.game/61000301/com.huawei.hms.game.apk Binary XML file line #41
05-29 20:26:12.438 10711 10777 W PackageParser: Unknown element under <manifest>: queries at /data/user_de/0/com.huawei.hwid/files/kits/com.huawei.hms.maps.provider.huawei/61001300/com.huawei.hms.maps.provider.huawei.apk Binary XML file line #18
05-29 20:26:12.636 10950 10950 D ActivityThread: Attach thread to application
05-29 20:26:12.656 10711 10777 W PackageParser: Unknown element under <manifest>: queries at /data/user_de/0/com.huawei.hwid/files/kits/com.huawei.hms.account/61001310/com.huawei.hms.account.apk Binary XML file line #76
05-29 20:26:12.677 10711 10777 W PackageParser: No actions in intent filter at /data/user_de/0/com.huawei.hwid/files/kits/com.huawei.hms.account/61001310/com.huawei.hms.account.apk Binary XML file line #1507
05-29 20:26:12.679 10711 10777 W PackageParser: No actions in intent filter at /data/user_de/0/com.huawei.hwid/files/kits/com.huawei.hms.account/61001310/com.huawei.hms.account.apk Binary XML file line #1658
